12:19:46 **** Incremental Build of configuration Debug for project MicroTEST ****
make -j16 all 
docker pull microros/micro_ros_static_library_builder:humble && docker run --rm -v /home/dawid/STM32CubeIDE/workspace_1.17.0/MicroTEST:/project --env MICROROS_LIBRARY_FOLDER=micro_ros_stm32cubemx_utils/microros_static_library_ide microros/micro_ros_static_library_builder:humble
humble: Pulling from microros/micro_ros_static_library_builder
Digest: sha256:83ab4e8ce95b2a62feb5dd270ad4460218d2d026a455ea32a5873cf629aa1e99
Status: Image is up to date for microros/micro_ros_static_library_builder:humble
docker.io/microros/micro_ros_static_library_builder:humble
dos2unix: converting file /project/micro_ros_stm32cubemx_utils/microros_static_library_ide/library_generation/library_generation.sh to Unix format...
micro-ROS library found. Skipping...
Delete micro_ros_stm32cubemx_utils/microros_static_library_ide/libmicroros/ for rebuild.
 
arm-none-eabi-gcc "../Core/Src/freertos.c" -mcpu=cortex-m4 -std=gnu11 -g3 -DDEBUG -DUSE_HAL_DRIVER -DSTM32F446xx -c -I../Core/Inc -I../micro_ros_stm32cubemx_utils/microros_static_library_ide/libmicroros/include -I../Drivers/STM32F4xx_HAL_Driver/Inc -I../Drivers/STM32F4xx_HAL_Driver/Inc/Legacy -I../Drivers/CMSIS/Device/ST/STM32F4xx/Include -I../Drivers/CMSIS/Include -I../Middlewares/Third_Party/FreeRTOS/Source/include -I../Middlewares/Third_Party/FreeRTOS/Source/CMSIS_RTOS_V2 -I../Middlewares/Third_Party/FreeRTOS/Source/portable/GCC/ARM_CM4F -O0 -ffunction-sections -fdata-sections -Wall -fstack-usage -fcyclomatic-complexity -MMD -MP -MF"Core/Src/freertos.d" -MT"Core/Src/freertos.o" --specs=nano.specs -mfpu=fpv4-sp-d16 -mfloat-abi=hard -mthumb -o "Core/Src/freertos.o"
arm-none-eabi-gcc "../Core/Src/main.c" -mcpu=cortex-m4 -std=gnu11 -g3 -DDEBUG -DUSE_HAL_DRIVER -DSTM32F446xx -c -I../Core/Inc -I../micro_ros_stm32cubemx_utils/microros_static_library_ide/libmicroros/include -I../Drivers/STM32F4xx_HAL_Driver/Inc -I../Drivers/STM32F4xx_HAL_Driver/Inc/Legacy -I../Drivers/CMSIS/Device/ST/STM32F4xx/Include -I../Drivers/CMSIS/Include -I../Middlewares/Third_Party/FreeRTOS/Source/include -I../Middlewares/Third_Party/FreeRTOS/Source/CMSIS_RTOS_V2 -I../Middlewares/Third_Party/FreeRTOS/Source/portable/GCC/ARM_CM4F -O0 -ffunction-sections -fdata-sections -Wall -fstack-usage -fcyclomatic-complexity -MMD -MP -MF"Core/Src/main.d" -MT"Core/Src/main.o" --specs=nano.specs -mfpu=fpv4-sp-d16 -mfloat-abi=hard -mthumb -o "Core/Src/main.o"
../Core/Src/freertos.c: In function 'cleanup':
../Core/Src/freertos.c:335:5: warning: ignoring return value of 'rcl_timer_fini' declared with attribute 'warn_unused_result' [-Wunused-result]
  335 |     rcl_timer_fini(&encoder_timer);
      |     ^~~~~~~~~~~~~~~~~~~~~~~~~~~~~~
../Core/Src/freertos.c:336:5: warning: ignoring return value of 'rcl_publisher_fini' declared with attribute 'warn_unused_result' [-Wunused-result]
  336 |     rcl_publisher_fini(&encoder_publisher, &node);
      |     ^~~~~~~~~~~~~~~~~~~~~~~~~~~~~~~~~~~~~~~~~~~~~
../Core/Src/freertos.c:337:5: warning: ignoring return value of 'rcl_timer_fini' declared with attribute 'warn_unused_result' [-Wunused-result]
  337 |     rcl_timer_fini(&timer);
      |     ^~~~~~~~~~~~~~~~~~~~~~
../Core/Src/freertos.c:338:5: warning: ignoring return value of 'rcl_subscription_fini' declared with attribute 'warn_unused_result' [-Wunused-result]
  338 |     rcl_subscription_fini(&subscriber, &node);
      |     ^~~~~~~~~~~~~~~~~~~~~~~~~~~~~~~~~~~~~~~~~
../Core/Src/freertos.c:339:5: warning: ignoring return value of 'rcl_node_fini' declared with attribute 'warn_unused_result' [-Wunused-result]
  339 |     rcl_node_fini(&node);
      |     ^~~~~~~~~~~~~~~~~~~~
arm-none-eabi-gcc -o "MicroTEST.elf" @"objects.list"  -lmicroros -mcpu=cortex-m4 -T"/home/dawid/STM32CubeIDE/workspace_1.17.0/MicroTEST/STM32F446RETX_FLASH.ld" --specs=nosys.specs -Wl,-Map="MicroTEST.map" -Wl,--gc-sections -static -L../micro_ros_stm32cubemx_utils/microros_static_library_ide/libmicroros --specs=nano.specs -mfpu=fpv4-sp-d16 -mfloat-abi=hard -mthumb -Wl,--start-group -lc -lm -Wl,--end-group
/opt/st/stm32cubeide_1.17.0/plugins/com.st.stm32cube.ide.mcu.externaltools.gnu-tools-for-stm32.12.3.rel1.linux64_1.1.0.202410170702/tools/bin/../lib/gcc/arm-none-eabi/12.3.1/../../../../arm-none-eabi/bin/ld: ./Core/Src/main.o:/home/dawid/STM32CubeIDE/workspace_1.17.0/MicroTEST/Debug/../Core/Src/main.c:68: multiple definition of `printf_uart'; ./Core/Src/freertos.o:/home/dawid/STM32CubeIDE/workspace_1.17.0/MicroTEST/Debug/../Core/Src/main.c:68: first defined here
/opt/st/stm32cubeide_1.17.0/plugins/com.st.stm32cube.ide.mcu.externaltools.gnu-tools-for-stm32.12.3.rel1.linux64_1.1.0.202410170702/tools/bin/../lib/gcc/arm-none-eabi/12.3.1/../../../../arm-none-eabi/bin/ld: ./Core/Src/main.o: in function `main':
/home/dawid/STM32CubeIDE/workspace_1.17.0/MicroTEST/Debug/../Core/Src/main.c:93: multiple definition of `main'; ./Core/Src/freertos.o:/home/dawid/STM32CubeIDE/workspace_1.17.0/MicroTEST/Debug/../Core/Src/main.c:93: first defined here
/opt/st/stm32cubeide_1.17.0/plugins/com.st.stm32cube.ide.mcu.externaltools.gnu-tools-for-stm32.12.3.rel1.linux64_1.1.0.202410170702/tools/bin/../lib/gcc/arm-none-eabi/12.3.1/../../../../arm-none-eabi/bin/ld: ./Core/Src/main.o: in function `SystemClock_Config':
/home/dawid/STM32CubeIDE/workspace_1.17.0/MicroTEST/Debug/../Core/Src/main.c:156: multiple definition of `SystemClock_Config'; ./Core/Src/freertos.o:/home/dawid/STM32CubeIDE/workspace_1.17.0/MicroTEST/Debug/../Core/Src/main.c:156: first defined here
/opt/st/stm32cubeide_1.17.0/plugins/com.st.stm32cube.ide.mcu.externaltools.gnu-tools-for-stm32.12.3.rel1.linux64_1.1.0.202410170702/tools/bin/../lib/gcc/arm-none-eabi/12.3.1/../../../../arm-none-eabi/bin/ld: ./Core/Src/main.o: in function `Error_Handler':
/home/dawid/STM32CubeIDE/workspace_1.17.0/MicroTEST/Debug/../Core/Src/main.c:237: multiple definition of `Error_Handler'; ./Core/Src/freertos.o:/home/dawid/STM32CubeIDE/workspace_1.17.0/MicroTEST/Debug/../Core/Src/main.c:237: first defined here
/opt/st/stm32cubeide_1.17.0/plugins/com.st.stm32cube.ide.mcu.externaltools.gnu-tools-for-stm32.12.3.rel1.linux64_1.1.0.202410170702/tools/bin/../lib/gcc/arm-none-eabi/12.3.1/../../../../arm-none-eabi/bin/ld: ./Core/Src/main.o: in function `HAL_TIM_PeriodElapsedCallback':
/home/dawid/STM32CubeIDE/workspace_1.17.0/MicroTEST/Debug/../Core/Src/main.c:220: multiple definition of `HAL_TIM_PeriodElapsedCallback'; ./Core/Src/freertos.o:/home/dawid/STM32CubeIDE/workspace_1.17.0/MicroTEST/Debug/../Core/Src/main.c:220: first defined here
/opt/st/stm32cubeide_1.17.0/plugins/com.st.stm32cube.ide.mcu.externaltools.gnu-tools-for-stm32.12.3.rel1.linux64_1.1.0.202410170702/tools/bin/../lib/gcc/arm-none-eabi/12.3.1/../../../../arm-none-eabi/bin/ld: /opt/st/stm32cubeide_1.17.0/plugins/com.st.stm32cube.ide.mcu.externaltools.gnu-tools-for-stm32.12.3.rel1.linux64_1.1.0.202410170702/tools/bin/../lib/gcc/arm-none-eabi/12.3.1/../../../../arm-none-eabi/lib/thumb/v7e-m+fp/hard/libc_nano.a(libc_a-gettimeofdayr.o): in function `_gettimeofday_r':
(.text._gettimeofday_r+0xe): warning: _gettimeofday is not implemented and will always fail
collect2: error: ld returned 1 exit status
make[1]: *** [makefile:70: MicroTEST.elf] Error 1
make: *** [makefile:63: all] Error 2
"make -j16 all" terminated with exit code 2. Build might be incomplete.
12:25:30 **** Incremental Build of configuration Debug for project MicroTEST ****
make -j16 all 
docker pull microros/micro_ros_static_library_builder:humble && docker run --rm -v /home/dawid/STM32CubeIDE/workspace_1.17.0/MicroTEST:/project --env MICROROS_LIBRARY_FOLDER=micro_ros_stm32cubemx_utils/microros_static_library_ide microros/micro_ros_static_library_builder:humble
humble: Pulling from microros/micro_ros_static_library_builder
Digest: sha256:83ab4e8ce95b2a62feb5dd270ad4460218d2d026a455ea32a5873cf629aa1e99
Status: Image is up to date for microros/micro_ros_static_library_builder:humble
docker.io/microros/micro_ros_static_library_builder:humble
dos2unix: converting file /project/micro_ros_stm32cubemx_utils/microros_static_library_ide/library_generation/library_generation.sh to Unix format...
micro-ROS library found. Skipping...
Delete micro_ros_stm32cubemx_utils/microros_static_library_ide/libmicroros/ for rebuild.
 
arm-none-eabi-gcc "../Core/Src/freertos.c" -mcpu=cortex-m4 -std=gnu11 -g3 -DDEBUG -DUSE_HAL_DRIVER -DSTM32F446xx -c -I../Core/Inc -I../micro_ros_stm32cubemx_utils/microros_static_library_ide/libmicroros/include -I../Drivers/STM32F4xx_HAL_Driver/Inc -I../Drivers/STM32F4xx_HAL_Driver/Inc/Legacy -I../Drivers/CMSIS/Device/ST/STM32F4xx/Include -I../Drivers/CMSIS/Include -I../Middlewares/Third_Party/FreeRTOS/Source/include -I../Middlewares/Third_Party/FreeRTOS/Source/CMSIS_RTOS_V2 -I../Middlewares/Third_Party/FreeRTOS/Source/portable/GCC/ARM_CM4F -O0 -ffunction-sections -fdata-sections -Wall -fstack-usage -fcyclomatic-complexity -MMD -MP -MF"Core/Src/freertos.d" -MT"Core/Src/freertos.o" --specs=nano.specs -mfpu=fpv4-sp-d16 -mfloat-abi=hard -mthumb -o "Core/Src/freertos.o"
../Core/Src/freertos.c: In function 'StartDefaultTask':
../Core/Src/freertos.c:188:13: warning: implicit declaration of function 'SystemClock_Config'; did you mean 'SysTick_Config'? [-Wimplicit-function-declaration]
  188 |             SystemClock_Config();
      |             ^~~~~~~~~~~~~~~~~~
      |             SysTick_Config
../Core/Src/freertos.c: In function 'cleanup':
../Core/Src/freertos.c:334:5: warning: ignoring return value of 'rcl_timer_fini' declared with attribute 'warn_unused_result' [-Wunused-result]
  334 |     rcl_timer_fini(&encoder_timer);
      |     ^~~~~~~~~~~~~~~~~~~~~~~~~~~~~~
../Core/Src/freertos.c:335:5: warning: ignoring return value of 'rcl_publisher_fini' declared with attribute 'warn_unused_result' [-Wunused-result]
  335 |     rcl_publisher_fini(&encoder_publisher, &node);
      |     ^~~~~~~~~~~~~~~~~~~~~~~~~~~~~~~~~~~~~~~~~~~~~
../Core/Src/freertos.c:336:5: warning: ignoring return value of 'rcl_timer_fini' declared with attribute 'warn_unused_result' [-Wunused-result]
  336 |     rcl_timer_fini(&timer);
      |     ^~~~~~~~~~~~~~~~~~~~~~
../Core/Src/freertos.c:337:5: warning: ignoring return value of 'rcl_subscription_fini' declared with attribute 'warn_unused_result' [-Wunused-result]
  337 |     rcl_subscription_fini(&subscriber, &node);
      |     ^~~~~~~~~~~~~~~~~~~~~~~~~~~~~~~~~~~~~~~~~
../Core/Src/freertos.c:338:5: warning: ignoring return value of 'rcl_node_fini' declared with attribute 'warn_unused_result' [-Wunused-result]
  338 |     rcl_node_fini(&node);
      |     ^~~~~~~~~~~~~~~~~~~~
arm-none-eabi-gcc -o "MicroTEST.elf" @"objects.list"  -lmicroros -mcpu=cortex-m4 -T"/home/dawid/STM32CubeIDE/workspace_1.17.0/MicroTEST/STM32F446RETX_FLASH.ld" --specs=nosys.specs -Wl,-Map="MicroTEST.map" -Wl,--gc-sections -static -L../micro_ros_stm32cubemx_utils/microros_static_library_ide/libmicroros --specs=nano.specs -mfpu=fpv4-sp-d16 -mfloat-abi=hard -mthumb -Wl,--start-group -lc -lm -Wl,--end-group
/opt/st/stm32cubeide_1.17.0/plugins/com.st.stm32cube.ide.mcu.externaltools.gnu-tools-for-stm32.12.3.rel1.linux64_1.1.0.202410170702/tools/bin/../lib/gcc/arm-none-eabi/12.3.1/../../../../arm-none-eabi/bin/ld: /opt/st/stm32cubeide_1.17.0/plugins/com.st.stm32cube.ide.mcu.externaltools.gnu-tools-for-stm32.12.3.rel1.linux64_1.1.0.202410170702/tools/bin/../lib/gcc/arm-none-eabi/12.3.1/../../../../arm-none-eabi/lib/thumb/v7e-m+fp/hard/libc_nano.a(libc_a-gettimeofdayr.o): in function `_gettimeofday_r':
(.text._gettimeofday_r+0xe): warning: _gettimeofday is not implemented and will always fail
Finished building target: MicroTEST.elf
 
arm-none-eabi-size  MicroTEST.elf 
arm-none-eabi-objdump -h -S MicroTEST.elf  > "MicroTEST.list"
   text	   data	    bss	    dec	    hex	filename
 107232	   1160	  58576	 166968	  28c38	MicroTEST.elf
Finished building: default.size.stdout
 
Finished building: MicroTEST.list
 
22:14:14 **** Incremental Build of configuration Debug for project MicroTEST ****
make -j16 all 
docker pull microros/micro_ros_static_library_builder:humble && docker run --rm -v /home/dawid/STM32CubeIDE/workspace_1.17.0/MicroTEST:/project --env MICROROS_LIBRARY_FOLDER=micro_ros_stm32cubemx_utils/microros_static_library_ide microros/micro_ros_static_library_builder:humble
humble: Pulling from microros/micro_ros_static_library_builder
Digest: sha256:83ab4e8ce95b2a62feb5dd270ad4460218d2d026a455ea32a5873cf629aa1e99
Status: Image is up to date for microros/micro_ros_static_library_builder:humble
docker.io/microros/micro_ros_static_library_builder:humble
dos2unix: converting file /project/micro_ros_stm32cubemx_utils/microros_static_library_ide/library_generation/library_generation.sh to Unix format...
micro-ROS library found. Skipping...
Delete micro_ros_stm32cubemx_utils/microros_static_library_ide/libmicroros/ for rebuild.
 
arm-none-eabi-size  MicroTEST.elf 
   text	   data	    bss	    dec	    hex	filename
 107232	   1160	  58576	 166968	  28c38	MicroTEST.elf
Finished building: default.size.stdout
 
22:14:32 **** Incremental Build of configuration Debug for project MicroTEST ****
make -j16 all 
docker pull microros/micro_ros_static_library_builder:humble && docker run --rm -v /home/dawid/STM32CubeIDE/workspace_1.17.0/MicroTEST:/project --env MICROROS_LIBRARY_FOLDER=micro_ros_stm32cubemx_utils/microros_static_library_ide microros/micro_ros_static_library_builder:humble
humble: Pulling from microros/micro_ros_static_library_builder
Digest: sha256:83ab4e8ce95b2a62feb5dd270ad4460218d2d026a455ea32a5873cf629aa1e99
Status: Image is up to date for microros/micro_ros_static_library_builder:humble
docker.io/microros/micro_ros_static_library_builder:humble
dos2unix: converting file /project/micro_ros_stm32cubemx_utils/microros_static_library_ide/library_generation/library_generation.sh to Unix format...
micro-ROS library found. Skipping...
Delete micro_ros_stm32cubemx_utils/microros_static_library_ide/libmicroros/ for rebuild.
 
arm-none-eabi-size  MicroTEST.elf 
   text	   data	    bss	    dec	    hex	filename
 107232	   1160	  58576	 166968	  28c38	MicroTEST.elf
Finished building: default.size.stdout
 
22:20:39 **** Incremental Build of configuration Debug for project MicroTEST ****
make -j16 all 
docker pull microros/micro_ros_static_library_builder:humble && docker run --rm -v /home/dawid/STM32CubeIDE/workspace_1.17.0/MicroTEST:/project --env MICROROS_LIBRARY_FOLDER=micro_ros_stm32cubemx_utils/microros_static_library_ide microros/micro_ros_static_library_builder:humble
humble: Pulling from microros/micro_ros_static_library_builder
Digest: sha256:83ab4e8ce95b2a62feb5dd270ad4460218d2d026a455ea32a5873cf629aa1e99
Status: Image is up to date for microros/micro_ros_static_library_builder:humble
docker.io/microros/micro_ros_static_library_builder:humble
dos2unix: converting file /project/micro_ros_stm32cubemx_utils/microros_static_library_ide/library_generation/library_generation.sh to Unix format...
micro-ROS library found. Skipping...
Delete micro_ros_stm32cubemx_utils/microros_static_library_ide/libmicroros/ for rebuild.
 
arm-none-eabi-gcc "../Core/Src/freertos.c" -mcpu=cortex-m4 -std=gnu11 -g3 -DDEBUG -DUSE_HAL_DRIVER -DSTM32F446xx -c -I../Core/Inc -I../micro_ros_stm32cubemx_utils/microros_static_library_ide/libmicroros/include -I../Drivers/STM32F4xx_HAL_Driver/Inc -I../Drivers/STM32F4xx_HAL_Driver/Inc/Legacy -I../Drivers/CMSIS/Device/ST/STM32F4xx/Include -I../Drivers/CMSIS/Include -I../Middlewares/Third_Party/FreeRTOS/Source/include -I../Middlewares/Third_Party/FreeRTOS/Source/CMSIS_RTOS_V2 -I../Middlewares/Third_Party/FreeRTOS/Source/portable/GCC/ARM_CM4F -O0 -ffunction-sections -fdata-sections -Wall -fstack-usage -fcyclomatic-complexity -MMD -MP -MF"Core/Src/freertos.d" -MT"Core/Src/freertos.o" --specs=nano.specs -mfpu=fpv4-sp-d16 -mfloat-abi=hard -mthumb -o "Core/Src/freertos.o"
../Core/Src/freertos.c: In function 'StartDefaultTask':
../Core/Src/freertos.c:188:13: warning: implicit declaration of function 'SystemClock_Config'; did you mean 'SysTick_Config'? [-Wimplicit-function-declaration]
  188 |             SystemClock_Config();
      |             ^~~~~~~~~~~~~~~~~~
      |             SysTick_Config
../Core/Src/freertos.c:205:39: warning: assignment to 'float *' from incompatible pointer type 'double *' [-Wincompatible-pointer-types]
  205 |             encoder_rpm_msg.data.data = rpm_data;
      |                                       ^
../Core/Src/freertos.c: In function 'cleanup':
../Core/Src/freertos.c:334:5: warning: ignoring return value of 'rcl_timer_fini' declared with attribute 'warn_unused_result' [-Wunused-result]
  334 |     rcl_timer_fini(&encoder_timer);
      |     ^~~~~~~~~~~~~~~~~~~~~~~~~~~~~~
../Core/Src/freertos.c:335:5: warning: ignoring return value of 'rcl_publisher_fini' declared with attribute 'warn_unused_result' [-Wunused-result]
  335 |     rcl_publisher_fini(&encoder_publisher, &node);
      |     ^~~~~~~~~~~~~~~~~~~~~~~~~~~~~~~~~~~~~~~~~~~~~
../Core/Src/freertos.c:336:5: warning: ignoring return value of 'rcl_timer_fini' declared with attribute 'warn_unused_result' [-Wunused-result]
  336 |     rcl_timer_fini(&timer);
      |     ^~~~~~~~~~~~~~~~~~~~~~
../Core/Src/freertos.c:337:5: warning: ignoring return value of 'rcl_subscription_fini' declared with attribute 'warn_unused_result' [-Wunused-result]
  337 |     rcl_subscription_fini(&subscriber, &node);
      |     ^~~~~~~~~~~~~~~~~~~~~~~~~~~~~~~~~~~~~~~~~
../Core/Src/freertos.c:338:5: warning: ignoring return value of 'rcl_node_fini' declared with attribute 'warn_unused_result' [-Wunused-result]
  338 |     rcl_node_fini(&node);
      |     ^~~~~~~~~~~~~~~~~~~~
arm-none-eabi-gcc -o "MicroTEST.elf" @"objects.list"  -lmicroros -mcpu=cortex-m4 -T"/home/dawid/STM32CubeIDE/workspace_1.17.0/MicroTEST/STM32F446RETX_FLASH.ld" --specs=nosys.specs -Wl,-Map="MicroTEST.map" -Wl,--gc-sections -static -L../micro_ros_stm32cubemx_utils/microros_static_library_ide/libmicroros --specs=nano.specs -mfpu=fpv4-sp-d16 -mfloat-abi=hard -mthumb -Wl,--start-group -lc -lm -Wl,--end-group
/opt/st/stm32cubeide_1.17.0/plugins/com.st.stm32cube.ide.mcu.externaltools.gnu-tools-for-stm32.12.3.rel1.linux64_1.1.0.202410170702/tools/bin/../lib/gcc/arm-none-eabi/12.3.1/../../../../arm-none-eabi/bin/ld: /opt/st/stm32cubeide_1.17.0/plugins/com.st.stm32cube.ide.mcu.externaltools.gnu-tools-for-stm32.12.3.rel1.linux64_1.1.0.202410170702/tools/bin/../lib/gcc/arm-none-eabi/12.3.1/../../../../arm-none-eabi/lib/thumb/v7e-m+fp/hard/libc_nano.a(libc_a-gettimeofdayr.o): in function `_gettimeofday_r':
(.text._gettimeofday_r+0xe): warning: _gettimeofday is not implemented and will always fail
Finished building target: MicroTEST.elf
 
arm-none-eabi-size  MicroTEST.elf 
arm-none-eabi-objdump -h -S MicroTEST.elf  > "MicroTEST.list"
   text	   data	    bss	    dec	    hex	filename
 107000	   1160	  58576	 166736	  28b50	MicroTEST.elf
Finished building: default.size.stdout
 
Finished building: MicroTEST.list
 
22:20:58 **** Incremental Build of configuration Debug for project MicroTEST ****
make -j16 all 
docker pull microros/micro_ros_static_library_builder:humble && docker run --rm -v /home/dawid/STM32CubeIDE/workspace_1.17.0/MicroTEST:/project --env MICROROS_LIBRARY_FOLDER=micro_ros_stm32cubemx_utils/microros_static_library_ide microros/micro_ros_static_library_builder:humble
humble: Pulling from microros/micro_ros_static_library_builder
Digest: sha256:83ab4e8ce95b2a62feb5dd270ad4460218d2d026a455ea32a5873cf629aa1e99
Status: Image is up to date for microros/micro_ros_static_library_builder:humble
docker.io/microros/micro_ros_static_library_builder:humble
dos2unix: converting file /project/micro_ros_stm32cubemx_utils/microros_static_library_ide/library_generation/library_generation.sh to Unix format...
micro-ROS library found. Skipping...
Delete micro_ros_stm32cubemx_utils/microros_static_library_ide/libmicroros/ for rebuild.
 
arm-none-eabi-size  MicroTEST.elf 
   text	   data	    bss	    dec	    hex	filename
 107000	   1160	  58576	 166736	  28b50	MicroTEST.elf
Finished building: default.size.stdout
 
22:27:53 **** Incremental Build of configuration Debug for project MicroTEST ****
make -j16 all 
docker pull microros/micro_ros_static_library_builder:humble && docker run --rm -v /home/dawid/STM32CubeIDE/workspace_1.17.0/MicroTEST:/project --env MICROROS_LIBRARY_FOLDER=micro_ros_stm32cubemx_utils/microros_static_library_ide microros/micro_ros_static_library_builder:humble
humble: Pulling from microros/micro_ros_static_library_builder
Digest: sha256:83ab4e8ce95b2a62feb5dd270ad4460218d2d026a455ea32a5873cf629aa1e99
Status: Image is up to date for microros/micro_ros_static_library_builder:humble
docker.io/microros/micro_ros_static_library_builder:humble
dos2unix: converting file /project/micro_ros_stm32cubemx_utils/microros_static_library_ide/library_generation/library_generation.sh to Unix format...
micro-ROS library found. Skipping...
Delete micro_ros_stm32cubemx_utils/microros_static_library_ide/libmicroros/ for rebuild.
 
arm-none-eabi-gcc "../Core/Src/freertos.c" -mcpu=cortex-m4 -std=gnu11 -g3 -DDEBUG -DUSE_HAL_DRIVER -DSTM32F446xx -c -I../Core/Inc -I../micro_ros_stm32cubemx_utils/microros_static_library_ide/libmicroros/include -I../Drivers/STM32F4xx_HAL_Driver/Inc -I../Drivers/STM32F4xx_HAL_Driver/Inc/Legacy -I../Drivers/CMSIS/Device/ST/STM32F4xx/Include -I../Drivers/CMSIS/Include -I../Middlewares/Third_Party/FreeRTOS/Source/include -I../Middlewares/Third_Party/FreeRTOS/Source/CMSIS_RTOS_V2 -I../Middlewares/Third_Party/FreeRTOS/Source/portable/GCC/ARM_CM4F -O0 -ffunction-sections -fdata-sections -Wall -fstack-usage -fcyclomatic-complexity -MMD -MP -MF"Core/Src/freertos.d" -MT"Core/Src/freertos.o" --specs=nano.specs -mfpu=fpv4-sp-d16 -mfloat-abi=hard -mthumb -o "Core/Src/freertos.o"
../Core/Src/freertos.c: In function 'StartDefaultTask':
../Core/Src/freertos.c:188:13: warning: implicit declaration of function 'SystemClock_Config'; did you mean 'SysTick_Config'? [-Wimplicit-function-declaration]
  188 |             SystemClock_Config();
      |             ^~~~~~~~~~~~~~~~~~
      |             SysTick_Config
../Core/Src/freertos.c: In function 'cleanup':
../Core/Src/freertos.c:334:5: warning: ignoring return value of 'rcl_timer_fini' declared with attribute 'warn_unused_result' [-Wunused-result]
  334 |     rcl_timer_fini(&encoder_timer);
      |     ^~~~~~~~~~~~~~~~~~~~~~~~~~~~~~
../Core/Src/freertos.c:335:5: warning: ignoring return value of 'rcl_publisher_fini' declared with attribute 'warn_unused_result' [-Wunused-result]
  335 |     rcl_publisher_fini(&encoder_publisher, &node);
      |     ^~~~~~~~~~~~~~~~~~~~~~~~~~~~~~~~~~~~~~~~~~~~~
../Core/Src/freertos.c:336:5: warning: ignoring return value of 'rcl_timer_fini' declared with attribute 'warn_unused_result' [-Wunused-result]
  336 |     rcl_timer_fini(&timer);
      |     ^~~~~~~~~~~~~~~~~~~~~~
../Core/Src/freertos.c:337:5: warning: ignoring return value of 'rcl_subscription_fini' declared with attribute 'warn_unused_result' [-Wunused-result]
  337 |     rcl_subscription_fini(&subscriber, &node);
      |     ^~~~~~~~~~~~~~~~~~~~~~~~~~~~~~~~~~~~~~~~~
../Core/Src/freertos.c:338:5: warning: ignoring return value of 'rcl_node_fini' declared with attribute 'warn_unused_result' [-Wunused-result]
  338 |     rcl_node_fini(&node);
      |     ^~~~~~~~~~~~~~~~~~~~
arm-none-eabi-gcc -o "MicroTEST.elf" @"objects.list"  -lmicroros -mcpu=cortex-m4 -T"/home/dawid/STM32CubeIDE/workspace_1.17.0/MicroTEST/STM32F446RETX_FLASH.ld" --specs=nosys.specs -Wl,-Map="MicroTEST.map" -Wl,--gc-sections -static -L../micro_ros_stm32cubemx_utils/microros_static_library_ide/libmicroros --specs=nano.specs -mfpu=fpv4-sp-d16 -mfloat-abi=hard -mthumb -Wl,--start-group -lc -lm -Wl,--end-group
/opt/st/stm32cubeide_1.17.0/plugins/com.st.stm32cube.ide.mcu.externaltools.gnu-tools-for-stm32.12.3.rel1.linux64_1.1.0.202410170702/tools/bin/../lib/gcc/arm-none-eabi/12.3.1/../../../../arm-none-eabi/bin/ld: /opt/st/stm32cubeide_1.17.0/plugins/com.st.stm32cube.ide.mcu.externaltools.gnu-tools-for-stm32.12.3.rel1.linux64_1.1.0.202410170702/tools/bin/../lib/gcc/arm-none-eabi/12.3.1/../../../../arm-none-eabi/lib/thumb/v7e-m+fp/hard/libc_nano.a(libc_a-gettimeofdayr.o): in function `_gettimeofday_r':
(.text._gettimeofday_r+0xe): warning: _gettimeofday is not implemented and will always fail
Finished building target: MicroTEST.elf
 
arm-none-eabi-size  MicroTEST.elf 
arm-none-eabi-objdump -h -S MicroTEST.elf  > "MicroTEST.list"
   text	   data	    bss	    dec	    hex	filename
 106952	   1160	  58560	 166672	  28b10	MicroTEST.elf
Finished building: default.size.stdout
 
Finished building: MicroTEST.list
 
22:28:01 **** Incremental Build of configuration Debug for project MicroTEST ****
make -j16 all 
docker pull microros/micro_ros_static_library_builder:humble && docker run --rm -v /home/dawid/STM32CubeIDE/workspace_1.17.0/MicroTEST:/project --env MICROROS_LIBRARY_FOLDER=micro_ros_stm32cubemx_utils/microros_static_library_ide microros/micro_ros_static_library_builder:humble
humble: Pulling from microros/micro_ros_static_library_builder
Digest: sha256:83ab4e8ce95b2a62feb5dd270ad4460218d2d026a455ea32a5873cf629aa1e99
Status: Image is up to date for microros/micro_ros_static_library_builder:humble
docker.io/microros/micro_ros_static_library_builder:humble
dos2unix: converting file /project/micro_ros_stm32cubemx_utils/microros_static_library_ide/library_generation/library_generation.sh to Unix format...
micro-ROS library found. Skipping...
Delete micro_ros_stm32cubemx_utils/microros_static_library_ide/libmicroros/ for rebuild.
 
arm-none-eabi-size  MicroTEST.elf 
   text	   data	    bss	    dec	    hex	filename
 106952	   1160	  58560	 166672	  28b10	MicroTEST.elf
Finished building: default.size.stdout
 
22:32:33 **** Incremental Build of configuration Debug for project MicroTEST ****
make -j16 all 
docker pull microros/micro_ros_static_library_builder:humble && docker run --rm -v /home/dawid/STM32CubeIDE/workspace_1.17.0/MicroTEST:/project --env MICROROS_LIBRARY_FOLDER=micro_ros_stm32cubemx_utils/microros_static_library_ide microros/micro_ros_static_library_builder:humble
humble: Pulling from microros/micro_ros_static_library_builder
Digest: sha256:83ab4e8ce95b2a62feb5dd270ad4460218d2d026a455ea32a5873cf629aa1e99
Status: Image is up to date for microros/micro_ros_static_library_builder:humble
docker.io/microros/micro_ros_static_library_builder:humble
dos2unix: converting file /project/micro_ros_stm32cubemx_utils/microros_static_library_ide/library_generation/library_generation.sh to Unix format...
micro-ROS library found. Skipping...
Delete micro_ros_stm32cubemx_utils/microros_static_library_ide/libmicroros/ for rebuild.
 
arm-none-eabi-gcc "../Core/Src/freertos.c" -mcpu=cortex-m4 -std=gnu11 -g3 -DDEBUG -DUSE_HAL_DRIVER -DSTM32F446xx -c -I../Core/Inc -I../micro_ros_stm32cubemx_utils/microros_static_library_ide/libmicroros/include -I../Drivers/STM32F4xx_HAL_Driver/Inc -I../Drivers/STM32F4xx_HAL_Driver/Inc/Legacy -I../Drivers/CMSIS/Device/ST/STM32F4xx/Include -I../Drivers/CMSIS/Include -I../Middlewares/Third_Party/FreeRTOS/Source/include -I../Middlewares/Third_Party/FreeRTOS/Source/CMSIS_RTOS_V2 -I../Middlewares/Third_Party/FreeRTOS/Source/portable/GCC/ARM_CM4F -O0 -ffunction-sections -fdata-sections -Wall -fstack-usage -fcyclomatic-complexity -MMD -MP -MF"Core/Src/freertos.d" -MT"Core/Src/freertos.o" --specs=nano.specs -mfpu=fpv4-sp-d16 -mfloat-abi=hard -mthumb -o "Core/Src/freertos.o"
../Core/Src/freertos.c:79:1: error: unknown type name 'std_msgs__msg__Float64MultiArray'; did you mean 'std_msgs__msg__Float32MultiArray'?
   79 | std_msgs__msg__Float64MultiArray encoder_rpm_msg;
      | ^~~~~~~~~~~~~~~~~~~~~~~~~~~~~~~~
      | std_msgs__msg__Float32MultiArray
../Core/Src/freertos.c: In function 'StartDefaultTask':
../Core/Src/freertos.c:188:13: warning: implicit declaration of function 'SystemClock_Config'; did you mean 'SysTick_Config'? [-Wimplicit-function-declaration]
  188 |             SystemClock_Config();
      |             ^~~~~~~~~~~~~~~~~~
      |             SysTick_Config
../Core/Src/freertos.c:205:28: error: request for member 'data' in something not a structure or union
  205 |             encoder_rpm_msg.data.data = rpm_data;
      |                            ^
../Core/Src/freertos.c:206:28: error: request for member 'data' in something not a structure or union
  206 |             encoder_rpm_msg.data.size = 4;
      |                            ^
../Core/Src/freertos.c:207:28: error: request for member 'data' in something not a structure or union
  207 |             encoder_rpm_msg.data.capacity = 4;
      |                            ^
../micro_ros_stm32cubemx_utils/microros_static_library_ide/libmicroros/include/rosidl_runtime_c/message_type_support_struct.h:78:5: warning: implicit declaration of function 'rosidl_typesupport_c__get_message_type_support_handle__std_msgs__msg__Float64MultiArray'; did you mean 'rosidl_typesupport_c__get_message_type_support_handle__std_msgs__msg__Float32MultiArray'? [-Wimplicit-function-declaration]
   78 |     rosidl_typesupport_c, PkgName, MsgSubfolder, MsgName)()
      |     ^~~~~~~~~~~~~~~~~~~~
../Core/Src/freertos.c:59:43: note: in definition of macro 'RCCHECK'
   59 | #define RCCHECK(fn) { rcl_ret_t temp_rc = fn; if((temp_rc != RCL_RET_OK)){printf("Failed status on line %d: %d. Aborting.\n",__LINE__,(int)temp_rc); vTaskDelete(NULL);}}
      |                                           ^~
../micro_ros_stm32cubemx_utils/microros_static_library_ide/libmicroros/include/rosidl_typesupport_interface/macros.h:32:3: note: in expansion of macro 'ROSIDL_TYPESUPPORT_INTERFACE__SYMBOL_NAME'
   32 |   ROSIDL_TYPESUPPORT_INTERFACE__SYMBOL_NAME( \
      |   ^~~~~~~~~~~~~~~~~~~~~~~~~~~~~~~~~~~~~~~~~
../micro_ros_stm32cubemx_utils/microros_static_library_ide/libmicroros/include/rosidl_runtime_c/message_type_support_struct.h:77:3: note: in expansion of macro 'ROSIDL_TYPESUPPORT_INTERFACE__MESSAGE_SYMBOL_NAME'
   77 |   ROSIDL_TYPESUPPORT_INTERFACE__MESSAGE_SYMBOL_NAME( \
      |   ^~~~~~~~~~~~~~~~~~~~~~~~~~~~~~~~~~~~~~~~~~~~~~~~~
../Core/Src/freertos.c:212:17: note: in expansion of macro 'ROSIDL_GET_MSG_TYPE_SUPPORT'
  212 |                 ROSIDL_GET_MSG_TYPE_SUPPORT(std_msgs, msg, Float64MultiArray),
      |                 ^~~~~~~~~~~~~~~~~~~~~~~~~~~
../micro_ros_stm32cubemx_utils/microros_static_library_ide/libmicroros/include/rosidl_runtime_c/message_type_support_struct.h:78:5: warning: passing argument 3 of 'rclc_publisher_init_default' makes pointer from integer without a cast [-Wint-conversion]
   78 |     rosidl_typesupport_c, PkgName, MsgSubfolder, MsgName)()
      |     ^
      |     |
      |     int
../Core/Src/freertos.c:59:43: note: in definition of macro 'RCCHECK'
   59 | #define RCCHECK(fn) { rcl_ret_t temp_rc = fn; if((temp_rc != RCL_RET_OK)){printf("Failed status on line %d: %d. Aborting.\n",__LINE__,(int)temp_rc); vTaskDelete(NULL);}}
      |                                           ^~
../micro_ros_stm32cubemx_utils/microros_static_library_ide/libmicroros/include/rosidl_typesupport_interface/macros.h:32:3: note: in expansion of macro 'ROSIDL_TYPESUPPORT_INTERFACE__SYMBOL_NAME'
   32 |   ROSIDL_TYPESUPPORT_INTERFACE__SYMBOL_NAME( \
      |   ^~~~~~~~~~~~~~~~~~~~~~~~~~~~~~~~~~~~~~~~~
../micro_ros_stm32cubemx_utils/microros_static_library_ide/libmicroros/include/rosidl_runtime_c/message_type_support_struct.h:77:3: note: in expansion of macro 'ROSIDL_TYPESUPPORT_INTERFACE__MESSAGE_SYMBOL_NAME'
   77 |   ROSIDL_TYPESUPPORT_INTERFACE__MESSAGE_SYMBOL_NAME( \
      |   ^~~~~~~~~~~~~~~~~~~~~~~~~~~~~~~~~~~~~~~~~~~~~~~~~
../Core/Src/freertos.c:212:17: note: in expansion of macro 'ROSIDL_GET_MSG_TYPE_SUPPORT'
  212 |                 ROSIDL_GET_MSG_TYPE_SUPPORT(std_msgs, msg, Float64MultiArray),
      |                 ^~~~~~~~~~~~~~~~~~~~~~~~~~~
In file included from ../micro_ros_stm32cubemx_utils/microros_static_library_ide/libmicroros/include/rclc/rclc.h:30,
                 from ../Core/Src/freertos.c:30:
../micro_ros_stm32cubemx_utils/microros_static_library_ide/libmicroros/include/rclc/publisher.h:54:41: note: expected 'const rosidl_message_type_support_t *' but argument is of type 'int'
   54 |   const rosidl_message_type_support_t * type_support,
      |   ~~~~~~~~~~~~~~~~~~~~~~~~~~~~~~~~~~~~~~^~~~~~~~~~~~
../Core/Src/freertos.c: In function 'cleanup':
../Core/Src/freertos.c:334:5: warning: ignoring return value of 'rcl_timer_fini' declared with attribute 'warn_unused_result' [-Wunused-result]
  334 |     rcl_timer_fini(&encoder_timer);
      |     ^~~~~~~~~~~~~~~~~~~~~~~~~~~~~~
../Core/Src/freertos.c:335:5: warning: ignoring return value of 'rcl_publisher_fini' declared with attribute 'warn_unused_result' [-Wunused-result]
  335 |     rcl_publisher_fini(&encoder_publisher, &node);
      |     ^~~~~~~~~~~~~~~~~~~~~~~~~~~~~~~~~~~~~~~~~~~~~
../Core/Src/freertos.c:336:5: warning: ignoring return value of 'rcl_timer_fini' declared with attribute 'warn_unused_result' [-Wunused-result]
  336 |     rcl_timer_fini(&timer);
      |     ^~~~~~~~~~~~~~~~~~~~~~
../Core/Src/freertos.c:337:5: warning: ignoring return value of 'rcl_subscription_fini' declared with attribute 'warn_unused_result' [-Wunused-result]
  337 |     rcl_subscription_fini(&subscriber, &node);
      |     ^~~~~~~~~~~~~~~~~~~~~~~~~~~~~~~~~~~~~~~~~
../Core/Src/freertos.c:338:5: warning: ignoring return value of 'rcl_node_fini' declared with attribute 'warn_unused_result' [-Wunused-result]
  338 |     rcl_node_fini(&node);
      |     ^~~~~~~~~~~~~~~~~~~~
make[1]: *** [Core/Src/subdir.mk:61: Core/Src/freertos.o] Error 1
make: *** [makefile:63: all] Error 2
"make -j16 all" terminated with exit code 2. Build might be incomplete.
22:33:13 **** Incremental Build of configuration Debug for project MicroTEST ****
make -j16 all 
docker pull microros/micro_ros_static_library_builder:humble && docker run --rm -v /home/dawid/STM32CubeIDE/workspace_1.17.0/MicroTEST:/project --env MICROROS_LIBRARY_FOLDER=micro_ros_stm32cubemx_utils/microros_static_library_ide microros/micro_ros_static_library_builder:humble
humble: Pulling from microros/micro_ros_static_library_builder
Digest: sha256:83ab4e8ce95b2a62feb5dd270ad4460218d2d026a455ea32a5873cf629aa1e99
Status: Image is up to date for microros/micro_ros_static_library_builder:humble
docker.io/microros/micro_ros_static_library_builder:humble
dos2unix: converting file /project/micro_ros_stm32cubemx_utils/microros_static_library_ide/library_generation/library_generation.sh to Unix format...
micro-ROS library found. Skipping...
Delete micro_ros_stm32cubemx_utils/microros_static_library_ide/libmicroros/ for rebuild.
 
arm-none-eabi-gcc "../Core/Src/freertos.c" -mcpu=cortex-m4 -std=gnu11 -g3 -DDEBUG -DUSE_HAL_DRIVER -DSTM32F446xx -c -I../Core/Inc -I../micro_ros_stm32cubemx_utils/microros_static_library_ide/libmicroros/include -I../Drivers/STM32F4xx_HAL_Driver/Inc -I../Drivers/STM32F4xx_HAL_Driver/Inc/Legacy -I../Drivers/CMSIS/Device/ST/STM32F4xx/Include -I../Drivers/CMSIS/Include -I../Middlewares/Third_Party/FreeRTOS/Source/include -I../Middlewares/Third_Party/FreeRTOS/Source/CMSIS_RTOS_V2 -I../Middlewares/Third_Party/FreeRTOS/Source/portable/GCC/ARM_CM4F -O0 -ffunction-sections -fdata-sections -Wall -fstack-usage -fcyclomatic-complexity -MMD -MP -MF"Core/Src/freertos.d" -MT"Core/Src/freertos.o" --specs=nano.specs -mfpu=fpv4-sp-d16 -mfloat-abi=hard -mthumb -o "Core/Src/freertos.o"
../Core/Src/freertos.c: In function 'StartDefaultTask':
../Core/Src/freertos.c:188:13: warning: implicit declaration of function 'SystemClock_Config'; did you mean 'SysTick_Config'? [-Wimplicit-function-declaration]
  188 |             SystemClock_Config();
      |             ^~~~~~~~~~~~~~~~~~
      |             SysTick_Config
../Core/Src/freertos.c:205:39: warning: assignment to 'double *' from incompatible pointer type 'float *' [-Wincompatible-pointer-types]
  205 |             encoder_rpm_msg.data.data = rpm_data;
      |                                       ^
../Core/Src/freertos.c: In function 'cleanup':
../Core/Src/freertos.c:334:5: warning: ignoring return value of 'rcl_timer_fini' declared with attribute 'warn_unused_result' [-Wunused-result]
  334 |     rcl_timer_fini(&encoder_timer);
      |     ^~~~~~~~~~~~~~~~~~~~~~~~~~~~~~
../Core/Src/freertos.c:335:5: warning: ignoring return value of 'rcl_publisher_fini' declared with attribute 'warn_unused_result' [-Wunused-result]
  335 |     rcl_publisher_fini(&encoder_publisher, &node);
      |     ^~~~~~~~~~~~~~~~~~~~~~~~~~~~~~~~~~~~~~~~~~~~~
../Core/Src/freertos.c:336:5: warning: ignoring return value of 'rcl_timer_fini' declared with attribute 'warn_unused_result' [-Wunused-result]
  336 |     rcl_timer_fini(&timer);
      |     ^~~~~~~~~~~~~~~~~~~~~~
../Core/Src/freertos.c:337:5: warning: ignoring return value of 'rcl_subscription_fini' declared with attribute 'warn_unused_result' [-Wunused-result]
  337 |     rcl_subscription_fini(&subscriber, &node);
      |     ^~~~~~~~~~~~~~~~~~~~~~~~~~~~~~~~~~~~~~~~~
../Core/Src/freertos.c:338:5: warning: ignoring return value of 'rcl_node_fini' declared with attribute 'warn_unused_result' [-Wunused-result]
  338 |     rcl_node_fini(&node);
      |     ^~~~~~~~~~~~~~~~~~~~
arm-none-eabi-gcc -o "MicroTEST.elf" @"objects.list"  -lmicroros -mcpu=cortex-m4 -T"/home/dawid/STM32CubeIDE/workspace_1.17.0/MicroTEST/STM32F446RETX_FLASH.ld" --specs=nosys.specs -Wl,-Map="MicroTEST.map" -Wl,--gc-sections -static -L../micro_ros_stm32cubemx_utils/microros_static_library_ide/libmicroros --specs=nano.specs -mfpu=fpv4-sp-d16 -mfloat-abi=hard -mthumb -Wl,--start-group -lc -lm -Wl,--end-group
/opt/st/stm32cubeide_1.17.0/plugins/com.st.stm32cube.ide.mcu.externaltools.gnu-tools-for-stm32.12.3.rel1.linux64_1.1.0.202410170702/tools/bin/../lib/gcc/arm-none-eabi/12.3.1/../../../../arm-none-eabi/bin/ld: /opt/st/stm32cubeide_1.17.0/plugins/com.st.stm32cube.ide.mcu.externaltools.gnu-tools-for-stm32.12.3.rel1.linux64_1.1.0.202410170702/tools/bin/../lib/gcc/arm-none-eabi/12.3.1/../../../../arm-none-eabi/lib/thumb/v7e-m+fp/hard/libc_nano.a(libc_a-gettimeofdayr.o): in function `_gettimeofday_r':
(.text._gettimeofday_r+0xe): warning: _gettimeofday is not implemented and will always fail
Finished building target: MicroTEST.elf
 
arm-none-eabi-size  MicroTEST.elf 
arm-none-eabi-objdump -h -S MicroTEST.elf  > "MicroTEST.list"
   text	   data	    bss	    dec	    hex	filename
 107184	   1160	  58560	 166904	  28bf8	MicroTEST.elf
Finished building: default.size.stdout
 
Finished building: MicroTEST.list
 
22:33:18 **** Incremental Build of configuration Debug for project MicroTEST ****
make -j16 all 
docker pull microros/micro_ros_static_library_builder:humble && docker run --rm -v /home/dawid/STM32CubeIDE/workspace_1.17.0/MicroTEST:/project --env MICROROS_LIBRARY_FOLDER=micro_ros_stm32cubemx_utils/microros_static_library_ide microros/micro_ros_static_library_builder:humble
humble: Pulling from microros/micro_ros_static_library_builder
Digest: sha256:83ab4e8ce95b2a62feb5dd270ad4460218d2d026a455ea32a5873cf629aa1e99
Status: Image is up to date for microros/micro_ros_static_library_builder:humble
docker.io/microros/micro_ros_static_library_builder:humble
dos2unix: converting file /project/micro_ros_stm32cubemx_utils/microros_static_library_ide/library_generation/library_generation.sh to Unix format...
micro-ROS library found. Skipping...
Delete micro_ros_stm32cubemx_utils/microros_static_library_ide/libmicroros/ for rebuild.
 
arm-none-eabi-size  MicroTEST.elf 
   text	   data	    bss	    dec	    hex	filename
 107184	   1160	  58560	 166904	  28bf8	MicroTEST.elf
Finished building: default.size.stdout
 
22:38:25 **** Incremental Build of configuration Debug for project MicroTEST ****
make -j16 all 
docker pull microros/micro_ros_static_library_builder:humble && docker run --rm -v /home/dawid/STM32CubeIDE/workspace_1.17.0/MicroTEST:/project --env MICROROS_LIBRARY_FOLDER=micro_ros_stm32cubemx_utils/microros_static_library_ide microros/micro_ros_static_library_builder:humble
humble: Pulling from microros/micro_ros_static_library_builder
Digest: sha256:83ab4e8ce95b2a62feb5dd270ad4460218d2d026a455ea32a5873cf629aa1e99
Status: Image is up to date for microros/micro_ros_static_library_builder:humble
docker.io/microros/micro_ros_static_library_builder:humble
dos2unix: converting file /project/micro_ros_stm32cubemx_utils/microros_static_library_ide/library_generation/library_generation.sh to Unix format...
micro-ROS library found. Skipping...
Delete micro_ros_stm32cubemx_utils/microros_static_library_ide/libmicroros/ for rebuild.
 
arm-none-eabi-size  MicroTEST.elf 
   text	   data	    bss	    dec	    hex	filename
 107184	   1160	  58560	 166904	  28bf8	MicroTEST.elf
Finished building: default.size.stdout
 
22:47:51 **** Incremental Build of configuration Debug for project MicroTEST ****
make -j16 all 
docker pull microros/micro_ros_static_library_builder:humble && docker run --rm -v /home/dawid/STM32CubeIDE/workspace_1.17.0/MicroTEST:/project --env MICROROS_LIBRARY_FOLDER=micro_ros_stm32cubemx_utils/microros_static_library_ide microros/micro_ros_static_library_builder:humble
humble: Pulling from microros/micro_ros_static_library_builder
Digest: sha256:83ab4e8ce95b2a62feb5dd270ad4460218d2d026a455ea32a5873cf629aa1e99
Status: Image is up to date for microros/micro_ros_static_library_builder:humble
docker.io/microros/micro_ros_static_library_builder:humble
dos2unix: converting file /project/micro_ros_stm32cubemx_utils/microros_static_library_ide/library_generation/library_generation.sh to Unix format...
micro-ROS library found. Skipping...
Delete micro_ros_stm32cubemx_utils/microros_static_library_ide/libmicroros/ for rebuild.
 
arm-none-eabi-gcc "../Core/Src/freertos.c" -mcpu=cortex-m4 -std=gnu11 -g3 -DDEBUG -DUSE_HAL_DRIVER -DSTM32F446xx -c -I../Core/Inc -I../micro_ros_stm32cubemx_utils/microros_static_library_ide/libmicroros/include -I../Drivers/STM32F4xx_HAL_Driver/Inc -I../Drivers/STM32F4xx_HAL_Driver/Inc/Legacy -I../Drivers/CMSIS/Device/ST/STM32F4xx/Include -I../Drivers/CMSIS/Include -I../Middlewares/Third_Party/FreeRTOS/Source/include -I../Middlewares/Third_Party/FreeRTOS/Source/CMSIS_RTOS_V2 -I../Middlewares/Third_Party/FreeRTOS/Source/portable/GCC/ARM_CM4F -O0 -ffunction-sections -fdata-sections -Wall -fstack-usage -fcyclomatic-complexity -MMD -MP -MF"Core/Src/freertos.d" -MT"Core/Src/freertos.o" --specs=nano.specs -mfpu=fpv4-sp-d16 -mfloat-abi=hard -mthumb -o "Core/Src/freertos.o"
../Core/Src/freertos.c: In function 'StartDefaultTask':
../Core/Src/freertos.c:177:50: warning: implicit declaration of function 'rcutils_get_deafult_allocator'; did you mean 'rcutils_get_default_allocator'? [-Wimplicit-function-declaration]
  177 |             rcl_allocator_t freeRTOS_allocator = rcutils_get_deafult_allocator();
      |                                                  ^~~~~~~~~~~~~~~~~~~~~~~~~~~~~
      |                                                  rcutils_get_default_allocator
../Core/Src/freertos.c:177:50: error: invalid initializer
../Core/Src/freertos.c:188:13: warning: implicit declaration of function 'SystemClock_Config'; did you mean 'SysTick_Config'? [-Wimplicit-function-declaration]
  188 |             SystemClock_Config();
      |             ^~~~~~~~~~~~~~~~~~
      |             SysTick_Config
../Core/Src/freertos.c:205:39: warning: assignment to 'double *' from incompatible pointer type 'float *' [-Wincompatible-pointer-types]
  205 |             encoder_rpm_msg.data.data = rpm_data;
      |                                       ^
../Core/Src/freertos.c: In function 'cleanup':
../Core/Src/freertos.c:334:5: warning: ignoring return value of 'rcl_timer_fini' declared with attribute 'warn_unused_result' [-Wunused-result]
  334 |     rcl_timer_fini(&encoder_timer);
      |     ^~~~~~~~~~~~~~~~~~~~~~~~~~~~~~
../Core/Src/freertos.c:335:5: warning: ignoring return value of 'rcl_publisher_fini' declared with attribute 'warn_unused_result' [-Wunused-result]
  335 |     rcl_publisher_fini(&encoder_publisher, &node);
      |     ^~~~~~~~~~~~~~~~~~~~~~~~~~~~~~~~~~~~~~~~~~~~~
../Core/Src/freertos.c:336:5: warning: ignoring return value of 'rcl_timer_fini' declared with attribute 'warn_unused_result' [-Wunused-result]
  336 |     rcl_timer_fini(&timer);
      |     ^~~~~~~~~~~~~~~~~~~~~~
../Core/Src/freertos.c:337:5: warning: ignoring return value of 'rcl_subscription_fini' declared with attribute 'warn_unused_result' [-Wunused-result]
  337 |     rcl_subscription_fini(&subscriber, &node);
      |     ^~~~~~~~~~~~~~~~~~~~~~~~~~~~~~~~~~~~~~~~~
../Core/Src/freertos.c:338:5: warning: ignoring return value of 'rcl_node_fini' declared with attribute 'warn_unused_result' [-Wunused-result]
  338 |     rcl_node_fini(&node);
      |     ^~~~~~~~~~~~~~~~~~~~
make[1]: *** [Core/Src/subdir.mk:61: Core/Src/freertos.o] Error 1
make: *** [makefile:63: all] Error 2
"make -j16 all" terminated with exit code 2. Build might be incomplete.
22:48:34 **** Incremental Build of configuration Debug for project MicroTEST ****
make -j16 all 
docker pull microros/micro_ros_static_library_builder:humble && docker run --rm -v /home/dawid/STM32CubeIDE/workspace_1.17.0/MicroTEST:/project --env MICROROS_LIBRARY_FOLDER=micro_ros_stm32cubemx_utils/microros_static_library_ide microros/micro_ros_static_library_builder:humble
humble: Pulling from microros/micro_ros_static_library_builder
Digest: sha256:83ab4e8ce95b2a62feb5dd270ad4460218d2d026a455ea32a5873cf629aa1e99
Status: Image is up to date for microros/micro_ros_static_library_builder:humble
docker.io/microros/micro_ros_static_library_builder:humble
dos2unix: converting file /project/micro_ros_stm32cubemx_utils/microros_static_library_ide/library_generation/library_generation.sh to Unix format...
micro-ROS library found. Skipping...
Delete micro_ros_stm32cubemx_utils/microros_static_library_ide/libmicroros/ for rebuild.
 
arm-none-eabi-gcc "../Core/Src/freertos.c" -mcpu=cortex-m4 -std=gnu11 -g3 -DDEBUG -DUSE_HAL_DRIVER -DSTM32F446xx -c -I../Core/Inc -I../micro_ros_stm32cubemx_utils/microros_static_library_ide/libmicroros/include -I../Drivers/STM32F4xx_HAL_Driver/Inc -I../Drivers/STM32F4xx_HAL_Driver/Inc/Legacy -I../Drivers/CMSIS/Device/ST/STM32F4xx/Include -I../Drivers/CMSIS/Include -I../Middlewares/Third_Party/FreeRTOS/Source/include -I../Middlewares/Third_Party/FreeRTOS/Source/CMSIS_RTOS_V2 -I../Middlewares/Third_Party/FreeRTOS/Source/portable/GCC/ARM_CM4F -O0 -ffunction-sections -fdata-sections -Wall -fstack-usage -fcyclomatic-complexity -MMD -MP -MF"Core/Src/freertos.d" -MT"Core/Src/freertos.o" --specs=nano.specs -mfpu=fpv4-sp-d16 -mfloat-abi=hard -mthumb -o "Core/Src/freertos.o"
../Core/Src/freertos.c: In function 'StartDefaultTask':
../Core/Src/freertos.c:177:50: warning: implicit declaration of function 'rcl_get_deafult_allocator'; did you mean 'rcl_get_default_allocator'? [-Wimplicit-function-declaration]
  177 |             rcl_allocator_t freeRTOS_allocator = rcl_get_deafult_allocator();
      |                                                  ^~~~~~~~~~~~~~~~~~~~~~~~~
      |                                                  rcl_get_default_allocator
../Core/Src/freertos.c:177:50: error: invalid initializer
../Core/Src/freertos.c:188:13: warning: implicit declaration of function 'SystemClock_Config'; did you mean 'SysTick_Config'? [-Wimplicit-function-declaration]
  188 |             SystemClock_Config();
      |             ^~~~~~~~~~~~~~~~~~
      |             SysTick_Config
../Core/Src/freertos.c:205:39: warning: assignment to 'double *' from incompatible pointer type 'float *' [-Wincompatible-pointer-types]
  205 |             encoder_rpm_msg.data.data = rpm_data;
      |                                       ^
../Core/Src/freertos.c: In function 'cleanup':
../Core/Src/freertos.c:334:5: warning: ignoring return value of 'rcl_timer_fini' declared with attribute 'warn_unused_result' [-Wunused-result]
  334 |     rcl_timer_fini(&encoder_timer);
      |     ^~~~~~~~~~~~~~~~~~~~~~~~~~~~~~
../Core/Src/freertos.c:335:5: warning: ignoring return value of 'rcl_publisher_fini' declared with attribute 'warn_unused_result' [-Wunused-result]
  335 |     rcl_publisher_fini(&encoder_publisher, &node);
      |     ^~~~~~~~~~~~~~~~~~~~~~~~~~~~~~~~~~~~~~~~~~~~~
../Core/Src/freertos.c:336:5: warning: ignoring return value of 'rcl_timer_fini' declared with attribute 'warn_unused_result' [-Wunused-result]
  336 |     rcl_timer_fini(&timer);
      |     ^~~~~~~~~~~~~~~~~~~~~~
../Core/Src/freertos.c:337:5: warning: ignoring return value of 'rcl_subscription_fini' declared with attribute 'warn_unused_result' [-Wunused-result]
  337 |     rcl_subscription_fini(&subscriber, &node);
      |     ^~~~~~~~~~~~~~~~~~~~~~~~~~~~~~~~~~~~~~~~~
../Core/Src/freertos.c:338:5: warning: ignoring return value of 'rcl_node_fini' declared with attribute 'warn_unused_result' [-Wunused-result]
  338 |     rcl_node_fini(&node);
      |     ^~~~~~~~~~~~~~~~~~~~
make[1]: *** [Core/Src/subdir.mk:61: Core/Src/freertos.o] Error 1
make: *** [makefile:63: all] Error 2
"make -j16 all" terminated with exit code 2. Build might be incomplete.
22:50:12 **** Incremental Build of configuration Debug for project MicroTEST ****
make -j16 all 
docker pull microros/micro_ros_static_library_builder:humble && docker run --rm -v /home/dawid/STM32CubeIDE/workspace_1.17.0/MicroTEST:/project --env MICROROS_LIBRARY_FOLDER=micro_ros_stm32cubemx_utils/microros_static_library_ide microros/micro_ros_static_library_builder:humble
humble: Pulling from microros/micro_ros_static_library_builder
Digest: sha256:83ab4e8ce95b2a62feb5dd270ad4460218d2d026a455ea32a5873cf629aa1e99
Status: Image is up to date for microros/micro_ros_static_library_builder:humble
docker.io/microros/micro_ros_static_library_builder:humble
dos2unix: converting file /project/micro_ros_stm32cubemx_utils/microros_static_library_ide/library_generation/library_generation.sh to Unix format...
micro-ROS library found. Skipping...
Delete micro_ros_stm32cubemx_utils/microros_static_library_ide/libmicroros/ for rebuild.
 
arm-none-eabi-gcc "../Core/Src/freertos.c" -mcpu=cortex-m4 -std=gnu11 -g3 -DDEBUG -DUSE_HAL_DRIVER -DSTM32F446xx -c -I../Core/Inc -I../micro_ros_stm32cubemx_utils/microros_static_library_ide/libmicroros/include -I../Drivers/STM32F4xx_HAL_Driver/Inc -I../Drivers/STM32F4xx_HAL_Driver/Inc/Legacy -I../Drivers/CMSIS/Device/ST/STM32F4xx/Include -I../Drivers/CMSIS/Include -I../Middlewares/Third_Party/FreeRTOS/Source/include -I../Middlewares/Third_Party/FreeRTOS/Source/CMSIS_RTOS_V2 -I../Middlewares/Third_Party/FreeRTOS/Source/portable/GCC/ARM_CM4F -O0 -ffunction-sections -fdata-sections -Wall -fstack-usage -fcyclomatic-complexity -MMD -MP -MF"Core/Src/freertos.d" -MT"Core/Src/freertos.o" --specs=nano.specs -mfpu=fpv4-sp-d16 -mfloat-abi=hard -mthumb -o "Core/Src/freertos.o"
../Core/Src/freertos.c: In function 'StartDefaultTask':
../Core/Src/freertos.c:188:13: warning: implicit declaration of function 'SystemClock_Config'; did you mean 'SysTick_Config'? [-Wimplicit-function-declaration]
  188 |             SystemClock_Config();
      |             ^~~~~~~~~~~~~~~~~~
      |             SysTick_Config
../Core/Src/freertos.c:205:39: warning: assignment to 'double *' from incompatible pointer type 'float *' [-Wincompatible-pointer-types]
  205 |             encoder_rpm_msg.data.data = rpm_data;
      |                                       ^
../Core/Src/freertos.c: In function 'cleanup':
../Core/Src/freertos.c:334:5: warning: ignoring return value of 'rcl_timer_fini' declared with attribute 'warn_unused_result' [-Wunused-result]
  334 |     rcl_timer_fini(&encoder_timer);
      |     ^~~~~~~~~~~~~~~~~~~~~~~~~~~~~~
../Core/Src/freertos.c:335:5: warning: ignoring return value of 'rcl_publisher_fini' declared with attribute 'warn_unused_result' [-Wunused-result]
  335 |     rcl_publisher_fini(&encoder_publisher, &node);
      |     ^~~~~~~~~~~~~~~~~~~~~~~~~~~~~~~~~~~~~~~~~~~~~
../Core/Src/freertos.c:336:5: warning: ignoring return value of 'rcl_timer_fini' declared with attribute 'warn_unused_result' [-Wunused-result]
  336 |     rcl_timer_fini(&timer);
      |     ^~~~~~~~~~~~~~~~~~~~~~
../Core/Src/freertos.c:337:5: warning: ignoring return value of 'rcl_subscription_fini' declared with attribute 'warn_unused_result' [-Wunused-result]
  337 |     rcl_subscription_fini(&subscriber, &node);
      |     ^~~~~~~~~~~~~~~~~~~~~~~~~~~~~~~~~~~~~~~~~
../Core/Src/freertos.c:338:5: warning: ignoring return value of 'rcl_node_fini' declared with attribute 'warn_unused_result' [-Wunused-result]
  338 |     rcl_node_fini(&node);
      |     ^~~~~~~~~~~~~~~~~~~~
arm-none-eabi-gcc -o "MicroTEST.elf" @"objects.list"  -lmicroros -mcpu=cortex-m4 -T"/home/dawid/STM32CubeIDE/workspace_1.17.0/MicroTEST/STM32F446RETX_FLASH.ld" --specs=nosys.specs -Wl,-Map="MicroTEST.map" -Wl,--gc-sections -static -L../micro_ros_stm32cubemx_utils/microros_static_library_ide/libmicroros --specs=nano.specs -mfpu=fpv4-sp-d16 -mfloat-abi=hard -mthumb -Wl,--start-group -lc -lm -Wl,--end-group
/opt/st/stm32cubeide_1.17.0/plugins/com.st.stm32cube.ide.mcu.externaltools.gnu-tools-for-stm32.12.3.rel1.linux64_1.1.0.202410170702/tools/bin/../lib/gcc/arm-none-eabi/12.3.1/../../../../arm-none-eabi/bin/ld: /opt/st/stm32cubeide_1.17.0/plugins/com.st.stm32cube.ide.mcu.externaltools.gnu-tools-for-stm32.12.3.rel1.linux64_1.1.0.202410170702/tools/bin/../lib/gcc/arm-none-eabi/12.3.1/../../../../arm-none-eabi/lib/thumb/v7e-m+fp/hard/libc_nano.a(libc_a-gettimeofdayr.o): in function `_gettimeofday_r':
(.text._gettimeofday_r+0xe): warning: _gettimeofday is not implemented and will always fail
Finished building target: MicroTEST.elf
 
arm-none-eabi-size  MicroTEST.elf 
arm-none-eabi-objdump -h -S MicroTEST.elf  > "MicroTEST.list"
   text	   data	    bss	    dec	    hex	filename
 105604	   1160	  43168	 149932	  249ac	MicroTEST.elf
Finished building: default.size.stdout
 
Finished building: MicroTEST.list
 
22:50:30 **** Incremental Build of configuration Debug for project MicroTEST ****
make -j16 all 
docker pull microros/micro_ros_static_library_builder:humble && docker run --rm -v /home/dawid/STM32CubeIDE/workspace_1.17.0/MicroTEST:/project --env MICROROS_LIBRARY_FOLDER=micro_ros_stm32cubemx_utils/microros_static_library_ide microros/micro_ros_static_library_builder:humble
humble: Pulling from microros/micro_ros_static_library_builder
Digest: sha256:83ab4e8ce95b2a62feb5dd270ad4460218d2d026a455ea32a5873cf629aa1e99
Status: Image is up to date for microros/micro_ros_static_library_builder:humble
docker.io/microros/micro_ros_static_library_builder:humble
dos2unix: converting file /project/micro_ros_stm32cubemx_utils/microros_static_library_ide/library_generation/library_generation.sh to Unix format...
micro-ROS library found. Skipping...
Delete micro_ros_stm32cubemx_utils/microros_static_library_ide/libmicroros/ for rebuild.
 
arm-none-eabi-size  MicroTEST.elf 
   text	   data	    bss	    dec	    hex	filename
 105604	   1160	  43168	 149932	  249ac	MicroTEST.elf
Finished building: default.size.stdout
 
22:53:23 **** Incremental Build of configuration Debug for project MicroTEST ****
make -j16 all 
docker pull microros/micro_ros_static_library_builder:humble && docker run --rm -v /home/dawid/STM32CubeIDE/workspace_1.17.0/MicroTEST:/project --env MICROROS_LIBRARY_FOLDER=micro_ros_stm32cubemx_utils/microros_static_library_ide microros/micro_ros_static_library_builder:humble
humble: Pulling from microros/micro_ros_static_library_builder
Digest: sha256:83ab4e8ce95b2a62feb5dd270ad4460218d2d026a455ea32a5873cf629aa1e99
Status: Image is up to date for microros/micro_ros_static_library_builder:humble
docker.io/microros/micro_ros_static_library_builder:humble
dos2unix: converting file /project/micro_ros_stm32cubemx_utils/microros_static_library_ide/library_generation/library_generation.sh to Unix format...
micro-ROS library found. Skipping...
Delete micro_ros_stm32cubemx_utils/microros_static_library_ide/libmicroros/ for rebuild.
 
arm-none-eabi-gcc "../Core/Src/freertos.c" -mcpu=cortex-m4 -std=gnu11 -g3 -DDEBUG -DUSE_HAL_DRIVER -DSTM32F446xx -c -I../Core/Inc -I../micro_ros_stm32cubemx_utils/microros_static_library_ide/libmicroros/include -I../Drivers/STM32F4xx_HAL_Driver/Inc -I../Drivers/STM32F4xx_HAL_Driver/Inc/Legacy -I../Drivers/CMSIS/Device/ST/STM32F4xx/Include -I../Drivers/CMSIS/Include -I../Middlewares/Third_Party/FreeRTOS/Source/include -I../Middlewares/Third_Party/FreeRTOS/Source/CMSIS_RTOS_V2 -I../Middlewares/Third_Party/FreeRTOS/Source/portable/GCC/ARM_CM4F -O0 -ffunction-sections -fdata-sections -Wall -fstack-usage -fcyclomatic-complexity -MMD -MP -MF"Core/Src/freertos.d" -MT"Core/Src/freertos.o" --specs=nano.specs -mfpu=fpv4-sp-d16 -mfloat-abi=hard -mthumb -o "Core/Src/freertos.o"
../Core/Src/freertos.c: In function 'StartDefaultTask':
../Core/Src/freertos.c:188:13: warning: implicit declaration of function 'SystemClock_Config'; did you mean 'SysTick_Config'? [-Wimplicit-function-declaration]
  188 |             SystemClock_Config();
      |             ^~~~~~~~~~~~~~~~~~
      |             SysTick_Config
../Core/Src/freertos.c:205:39: warning: assignment to 'double *' from incompatible pointer type 'int32_t *' {aka 'long int *'} [-Wincompatible-pointer-types]
  205 |             encoder_rpm_msg.data.data = rpm_data;
      |                                       ^
../Core/Src/freertos.c: In function 'cleanup':
../Core/Src/freertos.c:334:5: warning: ignoring return value of 'rcl_timer_fini' declared with attribute 'warn_unused_result' [-Wunused-result]
  334 |     rcl_timer_fini(&encoder_timer);
      |     ^~~~~~~~~~~~~~~~~~~~~~~~~~~~~~
../Core/Src/freertos.c:335:5: warning: ignoring return value of 'rcl_publisher_fini' declared with attribute 'warn_unused_result' [-Wunused-result]
  335 |     rcl_publisher_fini(&encoder_publisher, &node);
      |     ^~~~~~~~~~~~~~~~~~~~~~~~~~~~~~~~~~~~~~~~~~~~~
../Core/Src/freertos.c:336:5: warning: ignoring return value of 'rcl_timer_fini' declared with attribute 'warn_unused_result' [-Wunused-result]
  336 |     rcl_timer_fini(&timer);
      |     ^~~~~~~~~~~~~~~~~~~~~~
../Core/Src/freertos.c:337:5: warning: ignoring return value of 'rcl_subscription_fini' declared with attribute 'warn_unused_result' [-Wunused-result]
  337 |     rcl_subscription_fini(&subscriber, &node);
      |     ^~~~~~~~~~~~~~~~~~~~~~~~~~~~~~~~~~~~~~~~~
../Core/Src/freertos.c:338:5: warning: ignoring return value of 'rcl_node_fini' declared with attribute 'warn_unused_result' [-Wunused-result]
  338 |     rcl_node_fini(&node);
      |     ^~~~~~~~~~~~~~~~~~~~
arm-none-eabi-gcc -o "MicroTEST.elf" @"objects.list"  -lmicroros -mcpu=cortex-m4 -T"/home/dawid/STM32CubeIDE/workspace_1.17.0/MicroTEST/STM32F446RETX_FLASH.ld" --specs=nosys.specs -Wl,-Map="MicroTEST.map" -Wl,--gc-sections -static -L../micro_ros_stm32cubemx_utils/microros_static_library_ide/libmicroros --specs=nano.specs -mfpu=fpv4-sp-d16 -mfloat-abi=hard -mthumb -Wl,--start-group -lc -lm -Wl,--end-group
/opt/st/stm32cubeide_1.17.0/plugins/com.st.stm32cube.ide.mcu.externaltools.gnu-tools-for-stm32.12.3.rel1.linux64_1.1.0.202410170702/tools/bin/../lib/gcc/arm-none-eabi/12.3.1/../../../../arm-none-eabi/bin/ld: /opt/st/stm32cubeide_1.17.0/plugins/com.st.stm32cube.ide.mcu.externaltools.gnu-tools-for-stm32.12.3.rel1.linux64_1.1.0.202410170702/tools/bin/../lib/gcc/arm-none-eabi/12.3.1/../../../../arm-none-eabi/lib/thumb/v7e-m+fp/hard/libc_nano.a(libc_a-gettimeofdayr.o): in function `_gettimeofday_r':
(.text._gettimeofday_r+0xe): warning: _gettimeofday is not implemented and will always fail
Finished building target: MicroTEST.elf
 
arm-none-eabi-size  MicroTEST.elf 
arm-none-eabi-objdump -h -S MicroTEST.elf  > "MicroTEST.list"
   text	   data	    bss	    dec	    hex	filename
 105636	   1160	  43168	 149964	  249cc	MicroTEST.elf
Finished building: default.size.stdout
 
Finished building: MicroTEST.list
 
22:53:41 **** Incremental Build of configuration Debug for project MicroTEST ****
make -j16 all 
docker pull microros/micro_ros_static_library_builder:humble && docker run --rm -v /home/dawid/STM32CubeIDE/workspace_1.17.0/MicroTEST:/project --env MICROROS_LIBRARY_FOLDER=micro_ros_stm32cubemx_utils/microros_static_library_ide microros/micro_ros_static_library_builder:humble
humble: Pulling from microros/micro_ros_static_library_builder
Digest: sha256:83ab4e8ce95b2a62feb5dd270ad4460218d2d026a455ea32a5873cf629aa1e99
Status: Image is up to date for microros/micro_ros_static_library_builder:humble
docker.io/microros/micro_ros_static_library_builder:humble
dos2unix: converting file /project/micro_ros_stm32cubemx_utils/microros_static_library_ide/library_generation/library_generation.sh to Unix format...
micro-ROS library found. Skipping...
Delete micro_ros_stm32cubemx_utils/microros_static_library_ide/libmicroros/ for rebuild.
 
arm-none-eabi-size  MicroTEST.elf 
   text	   data	    bss	    dec	    hex	filename
 105636	   1160	  43168	 149964	  249cc	MicroTEST.elf
Finished building: default.size.stdout
 
22:55:26 **** Incremental Build of configuration Debug for project MicroTEST ****
make -j16 all 
docker pull microros/micro_ros_static_library_builder:humble && docker run --rm -v /home/dawid/STM32CubeIDE/workspace_1.17.0/MicroTEST:/project --env MICROROS_LIBRARY_FOLDER=micro_ros_stm32cubemx_utils/microros_static_library_ide microros/micro_ros_static_library_builder:humble
humble: Pulling from microros/micro_ros_static_library_builder
Digest: sha256:83ab4e8ce95b2a62feb5dd270ad4460218d2d026a455ea32a5873cf629aa1e99
Status: Image is up to date for microros/micro_ros_static_library_builder:humble
docker.io/microros/micro_ros_static_library_builder:humble
dos2unix: converting file /project/micro_ros_stm32cubemx_utils/microros_static_library_ide/library_generation/library_generation.sh to Unix format...
micro-ROS library found. Skipping...
Delete micro_ros_stm32cubemx_utils/microros_static_library_ide/libmicroros/ for rebuild.
 
arm-none-eabi-gcc "../Core/Src/freertos.c" -mcpu=cortex-m4 -std=gnu11 -g3 -DDEBUG -DUSE_HAL_DRIVER -DSTM32F446xx -c -I../Core/Inc -I../micro_ros_stm32cubemx_utils/microros_static_library_ide/libmicroros/include -I../Drivers/STM32F4xx_HAL_Driver/Inc -I../Drivers/STM32F4xx_HAL_Driver/Inc/Legacy -I../Drivers/CMSIS/Device/ST/STM32F4xx/Include -I../Drivers/CMSIS/Include -I../Middlewares/Third_Party/FreeRTOS/Source/include -I../Middlewares/Third_Party/FreeRTOS/Source/CMSIS_RTOS_V2 -I../Middlewares/Third_Party/FreeRTOS/Source/portable/GCC/ARM_CM4F -O0 -ffunction-sections -fdata-sections -Wall -fstack-usage -fcyclomatic-complexity -MMD -MP -MF"Core/Src/freertos.d" -MT"Core/Src/freertos.o" --specs=nano.specs -mfpu=fpv4-sp-d16 -mfloat-abi=hard -mthumb -o "Core/Src/freertos.o"
../Core/Src/freertos.c:79:1: error: unknown type name 'std_msgs__msg__Float64MultiArray'; did you mean 'std_msgs__msg__Float32MultiArray'?
   79 | std_msgs__msg__Float64MultiArray encoder_rpm_msg;
      | ^~~~~~~~~~~~~~~~~~~~~~~~~~~~~~~~
      | std_msgs__msg__Float32MultiArray
../Core/Src/freertos.c: In function 'StartDefaultTask':
../Core/Src/freertos.c:188:13: warning: implicit declaration of function 'SystemClock_Config'; did you mean 'SysTick_Config'? [-Wimplicit-function-declaration]
  188 |             SystemClock_Config();
      |             ^~~~~~~~~~~~~~~~~~
      |             SysTick_Config
../Core/Src/freertos.c:205:28: error: request for member 'data' in something not a structure or union
  205 |             encoder_rpm_msg.data.data = rpm_data;
      |                            ^
../Core/Src/freertos.c:206:28: error: request for member 'data' in something not a structure or union
  206 |             encoder_rpm_msg.data.size = 4;
      |                            ^
../Core/Src/freertos.c:207:28: error: request for member 'data' in something not a structure or union
  207 |             encoder_rpm_msg.data.capacity = 4;
      |                            ^
../Core/Src/freertos.c: In function 'cleanup':
../Core/Src/freertos.c:334:5: warning: ignoring return value of 'rcl_timer_fini' declared with attribute 'warn_unused_result' [-Wunused-result]
  334 |     rcl_timer_fini(&encoder_timer);
      |     ^~~~~~~~~~~~~~~~~~~~~~~~~~~~~~
../Core/Src/freertos.c:335:5: warning: ignoring return value of 'rcl_publisher_fini' declared with attribute 'warn_unused_result' [-Wunused-result]
  335 |     rcl_publisher_fini(&encoder_publisher, &node);
      |     ^~~~~~~~~~~~~~~~~~~~~~~~~~~~~~~~~~~~~~~~~~~~~
../Core/Src/freertos.c:336:5: warning: ignoring return value of 'rcl_timer_fini' declared with attribute 'warn_unused_result' [-Wunused-result]
  336 |     rcl_timer_fini(&timer);
      |     ^~~~~~~~~~~~~~~~~~~~~~
../Core/Src/freertos.c:337:5: warning: ignoring return value of 'rcl_subscription_fini' declared with attribute 'warn_unused_result' [-Wunused-result]
  337 |     rcl_subscription_fini(&subscriber, &node);
      |     ^~~~~~~~~~~~~~~~~~~~~~~~~~~~~~~~~~~~~~~~~
../Core/Src/freertos.c:338:5: warning: ignoring return value of 'rcl_node_fini' declared with attribute 'warn_unused_result' [-Wunused-result]
  338 |     rcl_node_fini(&node);
      |     ^~~~~~~~~~~~~~~~~~~~
make[1]: *** [Core/Src/subdir.mk:61: Core/Src/freertos.o] Error 1
make: *** [makefile:63: all] Error 2
"make -j16 all" terminated with exit code 2. Build might be incomplete.
22:55:50 **** Incremental Build of configuration Debug for project MicroTEST ****
make -j16 all 
docker pull microros/micro_ros_static_library_builder:humble && docker run --rm -v /home/dawid/STM32CubeIDE/workspace_1.17.0/MicroTEST:/project --env MICROROS_LIBRARY_FOLDER=micro_ros_stm32cubemx_utils/microros_static_library_ide microros/micro_ros_static_library_builder:humble
humble: Pulling from microros/micro_ros_static_library_builder
Digest: sha256:83ab4e8ce95b2a62feb5dd270ad4460218d2d026a455ea32a5873cf629aa1e99
Status: Image is up to date for microros/micro_ros_static_library_builder:humble
docker.io/microros/micro_ros_static_library_builder:humble
dos2unix: converting file /project/micro_ros_stm32cubemx_utils/microros_static_library_ide/library_generation/library_generation.sh to Unix format...
micro-ROS library found. Skipping...
Delete micro_ros_stm32cubemx_utils/microros_static_library_ide/libmicroros/ for rebuild.
 
arm-none-eabi-gcc "../Core/Src/freertos.c" -mcpu=cortex-m4 -std=gnu11 -g3 -DDEBUG -DUSE_HAL_DRIVER -DSTM32F446xx -c -I../Core/Inc -I../micro_ros_stm32cubemx_utils/microros_static_library_ide/libmicroros/include -I../Drivers/STM32F4xx_HAL_Driver/Inc -I../Drivers/STM32F4xx_HAL_Driver/Inc/Legacy -I../Drivers/CMSIS/Device/ST/STM32F4xx/Include -I../Drivers/CMSIS/Include -I../Middlewares/Third_Party/FreeRTOS/Source/include -I../Middlewares/Third_Party/FreeRTOS/Source/CMSIS_RTOS_V2 -I../Middlewares/Third_Party/FreeRTOS/Source/portable/GCC/ARM_CM4F -O0 -ffunction-sections -fdata-sections -Wall -fstack-usage -fcyclomatic-complexity -MMD -MP -MF"Core/Src/freertos.d" -MT"Core/Src/freertos.o" --specs=nano.specs -mfpu=fpv4-sp-d16 -mfloat-abi=hard -mthumb -o "Core/Src/freertos.o"
../Core/Src/freertos.c: In function 'StartDefaultTask':
../Core/Src/freertos.c:188:13: warning: implicit declaration of function 'SystemClock_Config'; did you mean 'SysTick_Config'? [-Wimplicit-function-declaration]
  188 |             SystemClock_Config();
      |             ^~~~~~~~~~~~~~~~~~
      |             SysTick_Config
../Core/Src/freertos.c:205:39: warning: assignment to 'float *' from incompatible pointer type 'int32_t *' {aka 'long int *'} [-Wincompatible-pointer-types]
  205 |             encoder_rpm_msg.data.data = rpm_data;
      |                                       ^
../Core/Src/freertos.c: In function 'cleanup':
../Core/Src/freertos.c:334:5: warning: ignoring return value of 'rcl_timer_fini' declared with attribute 'warn_unused_result' [-Wunused-result]
  334 |     rcl_timer_fini(&encoder_timer);
      |     ^~~~~~~~~~~~~~~~~~~~~~~~~~~~~~
../Core/Src/freertos.c:335:5: warning: ignoring return value of 'rcl_publisher_fini' declared with attribute 'warn_unused_result' [-Wunused-result]
  335 |     rcl_publisher_fini(&encoder_publisher, &node);
      |     ^~~~~~~~~~~~~~~~~~~~~~~~~~~~~~~~~~~~~~~~~~~~~
../Core/Src/freertos.c:336:5: warning: ignoring return value of 'rcl_timer_fini' declared with attribute 'warn_unused_result' [-Wunused-result]
  336 |     rcl_timer_fini(&timer);
      |     ^~~~~~~~~~~~~~~~~~~~~~
../Core/Src/freertos.c:337:5: warning: ignoring return value of 'rcl_subscription_fini' declared with attribute 'warn_unused_result' [-Wunused-result]
  337 |     rcl_subscription_fini(&subscriber, &node);
      |     ^~~~~~~~~~~~~~~~~~~~~~~~~~~~~~~~~~~~~~~~~
../Core/Src/freertos.c:338:5: warning: ignoring return value of 'rcl_node_fini' declared with attribute 'warn_unused_result' [-Wunused-result]
  338 |     rcl_node_fini(&node);
      |     ^~~~~~~~~~~~~~~~~~~~
arm-none-eabi-gcc -o "MicroTEST.elf" @"objects.list"  -lmicroros -mcpu=cortex-m4 -T"/home/dawid/STM32CubeIDE/workspace_1.17.0/MicroTEST/STM32F446RETX_FLASH.ld" --specs=nosys.specs -Wl,-Map="MicroTEST.map" -Wl,--gc-sections -static -L../micro_ros_stm32cubemx_utils/microros_static_library_ide/libmicroros --specs=nano.specs -mfpu=fpv4-sp-d16 -mfloat-abi=hard -mthumb -Wl,--start-group -lc -lm -Wl,--end-group
/opt/st/stm32cubeide_1.17.0/plugins/com.st.stm32cube.ide.mcu.externaltools.gnu-tools-for-stm32.12.3.rel1.linux64_1.1.0.202410170702/tools/bin/../lib/gcc/arm-none-eabi/12.3.1/../../../../arm-none-eabi/bin/ld: /opt/st/stm32cubeide_1.17.0/plugins/com.st.stm32cube.ide.mcu.externaltools.gnu-tools-for-stm32.12.3.rel1.linux64_1.1.0.202410170702/tools/bin/../lib/gcc/arm-none-eabi/12.3.1/../../../../arm-none-eabi/lib/thumb/v7e-m+fp/hard/libc_nano.a(libc_a-gettimeofdayr.o): in function `_gettimeofday_r':
(.text._gettimeofday_r+0xe): warning: _gettimeofday is not implemented and will always fail
Finished building target: MicroTEST.elf
 
arm-none-eabi-size  MicroTEST.elf 
arm-none-eabi-objdump -h -S MicroTEST.elf  > "MicroTEST.list"
   text	   data	    bss	    dec	    hex	filename
 105404	   1160	  43168	 149732	  248e4	MicroTEST.elf
Finished building: default.size.stdout
 
Finished building: MicroTEST.list
 
22:56:14 **** Incremental Build of configuration Debug for project MicroTEST ****
make -j16 all 
docker pull microros/micro_ros_static_library_builder:humble && docker run --rm -v /home/dawid/STM32CubeIDE/workspace_1.17.0/MicroTEST:/project --env MICROROS_LIBRARY_FOLDER=micro_ros_stm32cubemx_utils/microros_static_library_ide microros/micro_ros_static_library_builder:humble
humble: Pulling from microros/micro_ros_static_library_builder
Digest: sha256:83ab4e8ce95b2a62feb5dd270ad4460218d2d026a455ea32a5873cf629aa1e99
Status: Image is up to date for microros/micro_ros_static_library_builder:humble
docker.io/microros/micro_ros_static_library_builder:humble
dos2unix: converting file /project/micro_ros_stm32cubemx_utils/microros_static_library_ide/library_generation/library_generation.sh to Unix format...
micro-ROS library found. Skipping...
Delete micro_ros_stm32cubemx_utils/microros_static_library_ide/libmicroros/ for rebuild.
 
arm-none-eabi-gcc "../Core/Src/freertos.c" -mcpu=cortex-m4 -std=gnu11 -g3 -DDEBUG -DUSE_HAL_DRIVER -DSTM32F446xx -c -I../Core/Inc -I../micro_ros_stm32cubemx_utils/microros_static_library_ide/libmicroros/include -I../Drivers/STM32F4xx_HAL_Driver/Inc -I../Drivers/STM32F4xx_HAL_Driver/Inc/Legacy -I../Drivers/CMSIS/Device/ST/STM32F4xx/Include -I../Drivers/CMSIS/Include -I../Middlewares/Third_Party/FreeRTOS/Source/include -I../Middlewares/Third_Party/FreeRTOS/Source/CMSIS_RTOS_V2 -I../Middlewares/Third_Party/FreeRTOS/Source/portable/GCC/ARM_CM4F -O0 -ffunction-sections -fdata-sections -Wall -fstack-usage -fcyclomatic-complexity -MMD -MP -MF"Core/Src/freertos.d" -MT"Core/Src/freertos.o" --specs=nano.specs -mfpu=fpv4-sp-d16 -mfloat-abi=hard -mthumb -o "Core/Src/freertos.o"
../Core/Src/freertos.c: In function 'StartDefaultTask':
../Core/Src/freertos.c:188:13: warning: implicit declaration of function 'SystemClock_Config'; did you mean 'SysTick_Config'? [-Wimplicit-function-declaration]
  188 |             SystemClock_Config();
      |             ^~~~~~~~~~~~~~~~~~
      |             SysTick_Config
../Core/Src/freertos.c: In function 'cleanup':
../Core/Src/freertos.c:334:5: warning: ignoring return value of 'rcl_timer_fini' declared with attribute 'warn_unused_result' [-Wunused-result]
  334 |     rcl_timer_fini(&encoder_timer);
      |     ^~~~~~~~~~~~~~~~~~~~~~~~~~~~~~
../Core/Src/freertos.c:335:5: warning: ignoring return value of 'rcl_publisher_fini' declared with attribute 'warn_unused_result' [-Wunused-result]
  335 |     rcl_publisher_fini(&encoder_publisher, &node);
      |     ^~~~~~~~~~~~~~~~~~~~~~~~~~~~~~~~~~~~~~~~~~~~~
../Core/Src/freertos.c:336:5: warning: ignoring return value of 'rcl_timer_fini' declared with attribute 'warn_unused_result' [-Wunused-result]
  336 |     rcl_timer_fini(&timer);
      |     ^~~~~~~~~~~~~~~~~~~~~~
../Core/Src/freertos.c:337:5: warning: ignoring return value of 'rcl_subscription_fini' declared with attribute 'warn_unused_result' [-Wunused-result]
  337 |     rcl_subscription_fini(&subscriber, &node);
      |     ^~~~~~~~~~~~~~~~~~~~~~~~~~~~~~~~~~~~~~~~~
../Core/Src/freertos.c:338:5: warning: ignoring return value of 'rcl_node_fini' declared with attribute 'warn_unused_result' [-Wunused-result]
  338 |     rcl_node_fini(&node);
      |     ^~~~~~~~~~~~~~~~~~~~
arm-none-eabi-gcc -o "MicroTEST.elf" @"objects.list"  -lmicroros -mcpu=cortex-m4 -T"/home/dawid/STM32CubeIDE/workspace_1.17.0/MicroTEST/STM32F446RETX_FLASH.ld" --specs=nosys.specs -Wl,-Map="MicroTEST.map" -Wl,--gc-sections -static -L../micro_ros_stm32cubemx_utils/microros_static_library_ide/libmicroros --specs=nano.specs -mfpu=fpv4-sp-d16 -mfloat-abi=hard -mthumb -Wl,--start-group -lc -lm -Wl,--end-group
/opt/st/stm32cubeide_1.17.0/plugins/com.st.stm32cube.ide.mcu.externaltools.gnu-tools-for-stm32.12.3.rel1.linux64_1.1.0.202410170702/tools/bin/../lib/gcc/arm-none-eabi/12.3.1/../../../../arm-none-eabi/bin/ld: /opt/st/stm32cubeide_1.17.0/plugins/com.st.stm32cube.ide.mcu.externaltools.gnu-tools-for-stm32.12.3.rel1.linux64_1.1.0.202410170702/tools/bin/../lib/gcc/arm-none-eabi/12.3.1/../../../../arm-none-eabi/lib/thumb/v7e-m+fp/hard/libc_nano.a(libc_a-gettimeofdayr.o): in function `_gettimeofday_r':
(.text._gettimeofday_r+0xe): warning: _gettimeofday is not implemented and will always fail
Finished building target: MicroTEST.elf
 
arm-none-eabi-size  MicroTEST.elf 
arm-none-eabi-objdump -h -S MicroTEST.elf  > "MicroTEST.list"
   text	   data	    bss	    dec	    hex	filename
 105372	   1160	  43168	 149700	  248c4	MicroTEST.elf
Finished building: default.size.stdout
 
Finished building: MicroTEST.list
 
22:57:32 **** Incremental Build of configuration Debug for project MicroTEST ****
make -j16 all 
docker pull microros/micro_ros_static_library_builder:humble && docker run --rm -v /home/dawid/STM32CubeIDE/workspace_1.17.0/MicroTEST:/project --env MICROROS_LIBRARY_FOLDER=micro_ros_stm32cubemx_utils/microros_static_library_ide microros/micro_ros_static_library_builder:humble
humble: Pulling from microros/micro_ros_static_library_builder
Digest: sha256:83ab4e8ce95b2a62feb5dd270ad4460218d2d026a455ea32a5873cf629aa1e99
Status: Image is up to date for microros/micro_ros_static_library_builder:humble
docker.io/microros/micro_ros_static_library_builder:humble
dos2unix: converting file /project/micro_ros_stm32cubemx_utils/microros_static_library_ide/library_generation/library_generation.sh to Unix format...
micro-ROS library found. Skipping...
Delete micro_ros_stm32cubemx_utils/microros_static_library_ide/libmicroros/ for rebuild.
 
arm-none-eabi-size  MicroTEST.elf 
   text	   data	    bss	    dec	    hex	filename
 105372	   1160	  43168	 149700	  248c4	MicroTEST.elf
Finished building: default.size.stdout
 
22:57:45 **** Incremental Build of configuration Debug for project MicroTEST ****
make -j16 all 
docker pull microros/micro_ros_static_library_builder:humble && docker run --rm -v /home/dawid/STM32CubeIDE/workspace_1.17.0/MicroTEST:/project --env MICROROS_LIBRARY_FOLDER=micro_ros_stm32cubemx_utils/microros_static_library_ide microros/micro_ros_static_library_builder:humble
humble: Pulling from microros/micro_ros_static_library_builder
Digest: sha256:83ab4e8ce95b2a62feb5dd270ad4460218d2d026a455ea32a5873cf629aa1e99
Status: Image is up to date for microros/micro_ros_static_library_builder:humble
docker.io/microros/micro_ros_static_library_builder:humble
dos2unix: converting file /project/micro_ros_stm32cubemx_utils/microros_static_library_ide/library_generation/library_generation.sh to Unix format...
micro-ROS library found. Skipping...
Delete micro_ros_stm32cubemx_utils/microros_static_library_ide/libmicroros/ for rebuild.
 
arm-none-eabi-size  MicroTEST.elf 
   text	   data	    bss	    dec	    hex	filename
 105372	   1160	  43168	 149700	  248c4	MicroTEST.elf
Finished building: default.size.stdout
 
23:00:05 **** Incremental Build of configuration Debug for project MicroTEST ****
make -j16 all 
docker pull microros/micro_ros_static_library_builder:humble && docker run --rm -v /home/dawid/STM32CubeIDE/workspace_1.17.0/MicroTEST:/project --env MICROROS_LIBRARY_FOLDER=micro_ros_stm32cubemx_utils/microros_static_library_ide microros/micro_ros_static_library_builder:humble
humble: Pulling from microros/micro_ros_static_library_builder
Digest: sha256:83ab4e8ce95b2a62feb5dd270ad4460218d2d026a455ea32a5873cf629aa1e99
Status: Image is up to date for microros/micro_ros_static_library_builder:humble
docker.io/microros/micro_ros_static_library_builder:humble
dos2unix: converting file /project/micro_ros_stm32cubemx_utils/microros_static_library_ide/library_generation/library_generation.sh to Unix format...
micro-ROS library found. Skipping...
Delete micro_ros_stm32cubemx_utils/microros_static_library_ide/libmicroros/ for rebuild.
 
arm-none-eabi-gcc "../Core/Src/main.c" -mcpu=cortex-m4 -std=gnu11 -g3 -DDEBUG -DUSE_HAL_DRIVER -DSTM32F446xx -c -I../Core/Inc -I../micro_ros_stm32cubemx_utils/microros_static_library_ide/libmicroros/include -I../Drivers/STM32F4xx_HAL_Driver/Inc -I../Drivers/STM32F4xx_HAL_Driver/Inc/Legacy -I../Drivers/CMSIS/Device/ST/STM32F4xx/Include -I../Drivers/CMSIS/Include -I../Middlewares/Third_Party/FreeRTOS/Source/include -I../Middlewares/Third_Party/FreeRTOS/Source/CMSIS_RTOS_V2 -I../Middlewares/Third_Party/FreeRTOS/Source/portable/GCC/ARM_CM4F -O0 -ffunction-sections -fdata-sections -Wall -fstack-usage -fcyclomatic-complexity -MMD -MP -MF"Core/Src/main.d" -MT"Core/Src/main.o" --specs=nano.specs -mfpu=fpv4-sp-d16 -mfloat-abi=hard -mthumb -o "Core/Src/main.o"
arm-none-eabi-gcc -o "MicroTEST.elf" @"objects.list"  -lmicroros -mcpu=cortex-m4 -T"/home/dawid/STM32CubeIDE/workspace_1.17.0/MicroTEST/STM32F446RETX_FLASH.ld" --specs=nosys.specs -Wl,-Map="MicroTEST.map" -Wl,--gc-sections -static -L../micro_ros_stm32cubemx_utils/microros_static_library_ide/libmicroros --specs=nano.specs -mfpu=fpv4-sp-d16 -mfloat-abi=hard -mthumb -Wl,--start-group -lc -lm -Wl,--end-group
/opt/st/stm32cubeide_1.17.0/plugins/com.st.stm32cube.ide.mcu.externaltools.gnu-tools-for-stm32.12.3.rel1.linux64_1.1.0.202410170702/tools/bin/../lib/gcc/arm-none-eabi/12.3.1/../../../../arm-none-eabi/bin/ld: /opt/st/stm32cubeide_1.17.0/plugins/com.st.stm32cube.ide.mcu.externaltools.gnu-tools-for-stm32.12.3.rel1.linux64_1.1.0.202410170702/tools/bin/../lib/gcc/arm-none-eabi/12.3.1/../../../../arm-none-eabi/lib/thumb/v7e-m+fp/hard/libc_nano.a(libc_a-gettimeofdayr.o): in function `_gettimeofday_r':
(.text._gettimeofday_r+0xe): warning: _gettimeofday is not implemented and will always fail
Finished building target: MicroTEST.elf
 
[...]
/opt/st/stm32cubeide_1.17.0/plugins/com.st.stm32cube.ide.mcu.externaltools.gnu-tools-for-stm32.12.3.rel1.linux64_1.1.0.202410170702/tools/bin/../lib/gcc/arm-none-eabi/12.3.1/../../../../arm-none-eabi/bin/ld: /opt/st/stm32cubeide_1.17.0/plugins/com.st.stm32cube.ide.mcu.externaltools.gnu-tools-for-stm32.12.3.rel1.linux64_1.1.0.202410170702/tools/bin/../lib/gcc/arm-none-eabi/12.3.1/../../../../arm-none-eabi/lib/thumb/v7e-m+fp/hard/libc_nano.a(libc_a-gettimeofdayr.o): in function `_gettimeofday_r':
(.text._gettimeofday_r+0xe): warning: _gettimeofday is not implemented and will always fail
Finished building target: MicroTEST.elf
 
arm-none-eabi-size  MicroTEST.elf 
arm-none-eabi-objdump -h -S MicroTEST.elf  > "MicroTEST.list"
   text	   data	    bss	    dec	    hex	filename
 111828	   1280	  58704	 171812	  29f24	MicroTEST.elf
Finished building: default.size.stdout
 
Finished building: MicroTEST.list
 
14:22:30 **** Incremental Build of configuration Debug for project MicroTEST ****
make -j16 all 
docker pull microros/micro_ros_static_library_builder:humble && docker run --rm -v /home/dawid/STM32CubeIDE/workspace_1.17.0/MicroTEST:/project --env MICROROS_LIBRARY_FOLDER=micro_ros_stm32cubemx_utils/microros_static_library_ide microros/micro_ros_static_library_builder:humble
humble: Pulling from microros/micro_ros_static_library_builder
Digest: sha256:5f369540c7087c40d1cf29b17e7bcf1d9ba8e559beb46b88c6c544d0436ddcb7
Status: Image is up to date for microros/micro_ros_static_library_builder:humble
docker.io/microros/micro_ros_static_library_builder:humble
dos2unix: converting file /project/micro_ros_stm32cubemx_utils/microros_static_library_ide/library_generation/library_generation.sh to Unix format...
micro-ROS library found. Skipping...
Delete micro_ros_stm32cubemx_utils/microros_static_library_ide/libmicroros/ for rebuild.
 
arm-none-eabi-size  MicroTEST.elf 
   text	   data	    bss	    dec	    hex	filename
 111828	   1280	  58704	 171812	  29f24	MicroTEST.elf
Finished building: default.size.stdout
 
14:23:45 **** Incremental Build of configuration Debug for project MicroTEST ****
make -j16 all 
docker pull microros/micro_ros_static_library_builder:humble && docker run --rm -v /home/dawid/STM32CubeIDE/workspace_1.17.0/MicroTEST:/project --env MICROROS_LIBRARY_FOLDER=micro_ros_stm32cubemx_utils/microros_static_library_ide microros/micro_ros_static_library_builder:humble
humble: Pulling from microros/micro_ros_static_library_builder
Digest: sha256:5f369540c7087c40d1cf29b17e7bcf1d9ba8e559beb46b88c6c544d0436ddcb7
Status: Image is up to date for microros/micro_ros_static_library_builder:humble
docker.io/microros/micro_ros_static_library_builder:humble
dos2unix: converting file /project/micro_ros_stm32cubemx_utils/microros_static_library_ide/library_generation/library_generation.sh to Unix format...
micro-ROS library found. Skipping...
Delete micro_ros_stm32cubemx_utils/microros_static_library_ide/libmicroros/ for rebuild.
 
arm-none-eabi-gcc "../Core/Src/freertos.c" -mcpu=cortex-m4 -std=gnu11 -g3 -DDEBUG -DUSE_HAL_DRIVER -DSTM32F446xx -c -I../Core/Inc -I../micro_ros_stm32cubemx_utils/microros_static_library_ide/libmicroros/include -I../Drivers/STM32F4xx_HAL_Driver/Inc -I../Drivers/STM32F4xx_HAL_Driver/Inc/Legacy -I../Drivers/CMSIS/Device/ST/STM32F4xx/Include -I../Drivers/CMSIS/Include -I../Middlewares/Third_Party/FreeRTOS/Source/include -I../Middlewares/Third_Party/FreeRTOS/Source/CMSIS_RTOS_V2 -I../Middlewares/Third_Party/FreeRTOS/Source/portable/GCC/ARM_CM4F -O0 -ffunction-sections -fdata-sections -Wall -fstack-usage -fcyclomatic-complexity -MMD -MP -MF"Core/Src/freertos.d" -MT"Core/Src/freertos.o" --specs=nano.specs -mfpu=fpv4-sp-d16 -mfloat-abi=hard -mthumb -o "Core/Src/freertos.o"
../Core/Src/freertos.c: In function 'StartDefaultTask':
../Core/Src/freertos.c:197:13: warning: implicit declaration of function 'SystemClock_Config'; did you mean 'SysTick_Config'? [-Wimplicit-function-declaration]
  197 |             SystemClock_Config();
      |             ^~~~~~~~~~~~~~~~~~
      |             SysTick_Config
../Core/Src/freertos.c:198:13: warning: implicit declaration of function 'Init_joint_state_msg' [-Wimplicit-function-declaration]
  198 |             Init_joint_state_msg();
      |             ^~~~~~~~~~~~~~~~~~~~
../Core/Src/freertos.c: At top level:
../Core/Src/freertos.c:278:6: warning: conflicting types for 'Init_joint_state_msg'; have 'void()'
  278 | void Init_joint_state_msg() {
      |      ^~~~~~~~~~~~~~~~~~~~
../Core/Src/freertos.c:198:13: note: previous implicit declaration of 'Init_joint_state_msg' with type 'void()'
  198 |             Init_joint_state_msg();
      |             ^~~~~~~~~~~~~~~~~~~~
../Core/Src/freertos.c: In function 'cleanup':
../Core/Src/freertos.c:437:5: warning: ignoring return value of 'rcl_timer_fini' declared with attribute 'warn_unused_result' [-Wunused-result]
  437 |     rcl_timer_fini(&encoder_timer);
      |     ^~~~~~~~~~~~~~~~~~~~~~~~~~~~~~
../Core/Src/freertos.c:438:5: warning: ignoring return value of 'rcl_publisher_fini' declared with attribute 'warn_unused_result' [-Wunused-result]
  438 |     rcl_publisher_fini(&encoder_publisher, &node);
      |     ^~~~~~~~~~~~~~~~~~~~~~~~~~~~~~~~~~~~~~~~~~~~~
../Core/Src/freertos.c:439:5: warning: ignoring return value of 'rcl_timer_fini' declared with attribute 'warn_unused_result' [-Wunused-result]
  439 |     rcl_timer_fini(&timer);
      |     ^~~~~~~~~~~~~~~~~~~~~~
../Core/Src/freertos.c:440:5: warning: ignoring return value of 'rcl_subscription_fini' declared with attribute 'warn_unused_result' [-Wunused-result]
  440 |     rcl_subscription_fini(&subscriber, &node);
      |     ^~~~~~~~~~~~~~~~~~~~~~~~~~~~~~~~~~~~~~~~~
../Core/Src/freertos.c:441:5: warning: ignoring return value of 'rcl_node_fini' declared with attribute 'warn_unused_result' [-Wunused-result]
  441 |     rcl_node_fini(&node);
      |     ^~~~~~~~~~~~~~~~~~~~
arm-none-eabi-gcc -o "MicroTEST.elf" @"objects.list"  -lmicroros -mcpu=cortex-m4 -T"/home/dawid/STM32CubeIDE/workspace_1.17.0/MicroTEST/STM32F446RETX_FLASH.ld" --specs=nosys.specs -Wl,-Map="MicroTEST.map" -Wl,--gc-sections -static -L../micro_ros_stm32cubemx_utils/microros_static_library_ide/libmicroros --specs=nano.specs -mfpu=fpv4-sp-d16 -mfloat-abi=hard -mthumb -Wl,--start-group -lc -lm -Wl,--end-group
/opt/st/stm32cubeide_1.17.0/plugins/com.st.stm32cube.ide.mcu.externaltools.gnu-tools-for-stm32.12.3.rel1.linux64_1.1.0.202410170702/tools/bin/../lib/gcc/arm-none-eabi/12.3.1/../../../../arm-none-eabi/bin/ld: /opt/st/stm32cubeide_1.17.0/plugins/com.st.stm32cube.ide.mcu.externaltools.gnu-tools-for-stm32.12.3.rel1.linux64_1.1.0.202410170702/tools/bin/../lib/gcc/arm-none-eabi/12.3.1/../../../../arm-none-eabi/lib/thumb/v7e-m+fp/hard/libc_nano.a(libc_a-gettimeofdayr.o): in function `_gettimeofday_r':
(.text._gettimeofday_r+0xe): warning: _gettimeofday is not implemented and will always fail
Finished building target: MicroTEST.elf
 
arm-none-eabi-size  MicroTEST.elf 
arm-none-eabi-objdump -h -S MicroTEST.elf  > "MicroTEST.list"
   text	   data	    bss	    dec	    hex	filename
 111828	   1280	  58704	 171812	  29f24	MicroTEST.elf
Finished building: default.size.stdout
 
Finished building: MicroTEST.list
 
14:23:53 **** Incremental Build of configuration Debug for project MicroTEST ****
make -j16 all 
docker pull microros/micro_ros_static_library_builder:humble && docker run --rm -v /home/dawid/STM32CubeIDE/workspace_1.17.0/MicroTEST:/project --env MICROROS_LIBRARY_FOLDER=micro_ros_stm32cubemx_utils/microros_static_library_ide microros/micro_ros_static_library_builder:humble
humble: Pulling from microros/micro_ros_static_library_builder
Digest: sha256:5f369540c7087c40d1cf29b17e7bcf1d9ba8e559beb46b88c6c544d0436ddcb7
Status: Image is up to date for microros/micro_ros_static_library_builder:humble
docker.io/microros/micro_ros_static_library_builder:humble
dos2unix: converting file /project/micro_ros_stm32cubemx_utils/microros_static_library_ide/library_generation/library_generation.sh to Unix format...
micro-ROS library found. Skipping...
Delete micro_ros_stm32cubemx_utils/microros_static_library_ide/libmicroros/ for rebuild.
 
arm-none-eabi-size  MicroTEST.elf 
   text	   data	    bss	    dec	    hex	filename
 111828	   1280	  58704	 171812	  29f24	MicroTEST.elf
Finished building: default.size.stdout
 
14:27:15 **** Incremental Build of configuration Debug for project MicroTEST ****
make -j16 all 
docker pull microros/micro_ros_static_library_builder:humble && docker run --rm -v /home/dawid/STM32CubeIDE/workspace_1.17.0/MicroTEST:/project --env MICROROS_LIBRARY_FOLDER=micro_ros_stm32cubemx_utils/microros_static_library_ide microros/micro_ros_static_library_builder:humble
humble: Pulling from microros/micro_ros_static_library_builder
Digest: sha256:5f369540c7087c40d1cf29b17e7bcf1d9ba8e559beb46b88c6c544d0436ddcb7
Status: Image is up to date for microros/micro_ros_static_library_builder:humble
docker.io/microros/micro_ros_static_library_builder:humble
dos2unix: converting file /project/micro_ros_stm32cubemx_utils/microros_static_library_ide/library_generation/library_generation.sh to Unix format...
micro-ROS library found. Skipping...
Delete micro_ros_stm32cubemx_utils/microros_static_library_ide/libmicroros/ for rebuild.
 
arm-none-eabi-gcc "../Core/Src/freertos.c" -mcpu=cortex-m4 -std=gnu11 -g3 -DDEBUG -DUSE_HAL_DRIVER -DSTM32F446xx -c -I../Core/Inc -I../micro_ros_stm32cubemx_utils/microros_static_library_ide/libmicroros/include -I../Drivers/STM32F4xx_HAL_Driver/Inc -I../Drivers/STM32F4xx_HAL_Driver/Inc/Legacy -I../Drivers/CMSIS/Device/ST/STM32F4xx/Include -I../Drivers/CMSIS/Include -I../Middlewares/Third_Party/FreeRTOS/Source/include -I../Middlewares/Third_Party/FreeRTOS/Source/CMSIS_RTOS_V2 -I../Middlewares/Third_Party/FreeRTOS/Source/portable/GCC/ARM_CM4F -O0 -ffunction-sections -fdata-sections -Wall -fstack-usage -fcyclomatic-complexity -MMD -MP -MF"Core/Src/freertos.d" -MT"Core/Src/freertos.o" --specs=nano.specs -mfpu=fpv4-sp-d16 -mfloat-abi=hard -mthumb -o "Core/Src/freertos.o"
../Core/Src/freertos.c: In function 'StartDefaultTask':
../Core/Src/freertos.c:197:13: warning: implicit declaration of function 'SystemClock_Config'; did you mean 'SysTick_Config'? [-Wimplicit-function-declaration]
  197 |             SystemClock_Config();
      |             ^~~~~~~~~~~~~~~~~~
      |             SysTick_Config
../Core/Src/freertos.c:198:13: warning: implicit declaration of function 'Init_joint_state_msg' [-Wimplicit-function-declaration]
  198 |             Init_joint_state_msg();
      |             ^~~~~~~~~~~~~~~~~~~~
../Core/Src/freertos.c: At top level:
../Core/Src/freertos.c:289:6: warning: conflicting types for 'Init_joint_state_msg'; have 'void()'
  289 | void Init_joint_state_msg() {
      |      ^~~~~~~~~~~~~~~~~~~~
../Core/Src/freertos.c:198:13: note: previous implicit declaration of 'Init_joint_state_msg' with type 'void()'
  198 |             Init_joint_state_msg();
      |             ^~~~~~~~~~~~~~~~~~~~
../Core/Src/freertos.c: In function 'cleanup':
../Core/Src/freertos.c:448:5: warning: ignoring return value of 'rcl_timer_fini' declared with attribute 'warn_unused_result' [-Wunused-result]
  448 |     rcl_timer_fini(&encoder_timer);
      |     ^~~~~~~~~~~~~~~~~~~~~~~~~~~~~~
../Core/Src/freertos.c:449:5: warning: ignoring return value of 'rcl_publisher_fini' declared with attribute 'warn_unused_result' [-Wunused-result]
  449 |     rcl_publisher_fini(&encoder_publisher, &node);
      |     ^~~~~~~~~~~~~~~~~~~~~~~~~~~~~~~~~~~~~~~~~~~~~
../Core/Src/freertos.c:450:5: warning: ignoring return value of 'rcl_timer_fini' declared with attribute 'warn_unused_result' [-Wunused-result]
  450 |     rcl_timer_fini(&timer);
      |     ^~~~~~~~~~~~~~~~~~~~~~
../Core/Src/freertos.c:451:5: warning: ignoring return value of 'rcl_subscription_fini' declared with attribute 'warn_unused_result' [-Wunused-result]
  451 |     rcl_subscription_fini(&subscriber, &node);
      |     ^~~~~~~~~~~~~~~~~~~~~~~~~~~~~~~~~~~~~~~~~
../Core/Src/freertos.c:452:5: warning: ignoring return value of 'rcl_node_fini' declared with attribute 'warn_unused_result' [-Wunused-result]
  452 |     rcl_node_fini(&node);
      |     ^~~~~~~~~~~~~~~~~~~~
arm-none-eabi-gcc -o "MicroTEST.elf" @"objects.list"  -lmicroros -mcpu=cortex-m4 -T"/home/dawid/STM32CubeIDE/workspace_1.17.0/MicroTEST/STM32F446RETX_FLASH.ld" --specs=nosys.specs -Wl,-Map="MicroTEST.map" -Wl,--gc-sections -static -L../micro_ros_stm32cubemx_utils/microros_static_library_ide/libmicroros --specs=nano.specs -mfpu=fpv4-sp-d16 -mfloat-abi=hard -mthumb -Wl,--start-group -lc -lm -Wl,--end-group
/opt/st/stm32cubeide_1.17.0/plugins/com.st.stm32cube.ide.mcu.externaltools.gnu-tools-for-stm32.12.3.rel1.linux64_1.1.0.202410170702/tools/bin/../lib/gcc/arm-none-eabi/12.3.1/../../../../arm-none-eabi/bin/ld: /opt/st/stm32cubeide_1.17.0/plugins/com.st.stm32cube.ide.mcu.externaltools.gnu-tools-for-stm32.12.3.rel1.linux64_1.1.0.202410170702/tools/bin/../lib/gcc/arm-none-eabi/12.3.1/../../../../arm-none-eabi/lib/thumb/v7e-m+fp/hard/libc_nano.a(libc_a-gettimeofdayr.o): in function `_gettimeofday_r':
(.text._gettimeofday_r+0xe): warning: _gettimeofday is not implemented and will always fail
Finished building target: MicroTEST.elf
 
arm-none-eabi-size  MicroTEST.elf 
arm-none-eabi-objdump -h -S MicroTEST.elf  > "MicroTEST.list"
   text	   data	    bss	    dec	    hex	filename
 111860	   1280	  58704	 171844	  29f44	MicroTEST.elf
Finished building: default.size.stdout
 
Finished building: MicroTEST.list
 
14:27:23 **** Incremental Build of configuration Debug for project MicroTEST ****
make -j16 all 
docker pull microros/micro_ros_static_library_builder:humble && docker run --rm -v /home/dawid/STM32CubeIDE/workspace_1.17.0/MicroTEST:/project --env MICROROS_LIBRARY_FOLDER=micro_ros_stm32cubemx_utils/microros_static_library_ide microros/micro_ros_static_library_builder:humble
humble: Pulling from microros/micro_ros_static_library_builder
Digest: sha256:5f369540c7087c40d1cf29b17e7bcf1d9ba8e559beb46b88c6c544d0436ddcb7
Status: Image is up to date for microros/micro_ros_static_library_builder:humble
docker.io/microros/micro_ros_static_library_builder:humble
dos2unix: converting file /project/micro_ros_stm32cubemx_utils/microros_static_library_ide/library_generation/library_generation.sh to Unix format...
micro-ROS library found. Skipping...
Delete micro_ros_stm32cubemx_utils/microros_static_library_ide/libmicroros/ for rebuild.
 
arm-none-eabi-size  MicroTEST.elf 
   text	   data	    bss	    dec	    hex	filename
 111860	   1280	  58704	 171844	  29f44	MicroTEST.elf
Finished building: default.size.stdout
 
14:33:47 **** Incremental Build of configuration Debug for project MicroTEST ****
make -j16 all 
docker pull microros/micro_ros_static_library_builder:humble && docker run --rm -v /home/dawid/STM32CubeIDE/workspace_1.17.0/MicroTEST:/project --env MICROROS_LIBRARY_FOLDER=micro_ros_stm32cubemx_utils/microros_static_library_ide microros/micro_ros_static_library_builder:humble
humble: Pulling from microros/micro_ros_static_library_builder
Digest: sha256:5f369540c7087c40d1cf29b17e7bcf1d9ba8e559beb46b88c6c544d0436ddcb7
Status: Image is up to date for microros/micro_ros_static_library_builder:humble
docker.io/microros/micro_ros_static_library_builder:humble
dos2unix: converting file /project/micro_ros_stm32cubemx_utils/microros_static_library_ide/library_generation/library_generation.sh to Unix format...
micro-ROS library found. Skipping...
Delete micro_ros_stm32cubemx_utils/microros_static_library_ide/libmicroros/ for rebuild.
 
arm-none-eabi-gcc "../Core/Src/freertos.c" -mcpu=cortex-m4 -std=gnu11 -g3 -DDEBUG -DUSE_HAL_DRIVER -DSTM32F446xx -c -I../Core/Inc -I../micro_ros_stm32cubemx_utils/microros_static_library_ide/libmicroros/include -I../Drivers/STM32F4xx_HAL_Driver/Inc -I../Drivers/STM32F4xx_HAL_Driver/Inc/Legacy -I../Drivers/CMSIS/Device/ST/STM32F4xx/Include -I../Drivers/CMSIS/Include -I../Middlewares/Third_Party/FreeRTOS/Source/include -I../Middlewares/Third_Party/FreeRTOS/Source/CMSIS_RTOS_V2 -I../Middlewares/Third_Party/FreeRTOS/Source/portable/GCC/ARM_CM4F -O0 -ffunction-sections -fdata-sections -Wall -fstack-usage -fcyclomatic-complexity -MMD -MP -MF"Core/Src/freertos.d" -MT"Core/Src/freertos.o" --specs=nano.specs -mfpu=fpv4-sp-d16 -mfloat-abi=hard -mthumb -o "Core/Src/freertos.o"
../Core/Src/freertos.c: In function 'StartDefaultTask':
../Core/Src/freertos.c:197:13: warning: implicit declaration of function 'SystemClock_Config'; did you mean 'SysTick_Config'? [-Wimplicit-function-declaration]
  197 |             SystemClock_Config();
      |             ^~~~~~~~~~~~~~~~~~
      |             SysTick_Config
../Core/Src/freertos.c:198:13: warning: implicit declaration of function 'Init_joint_state_msg' [-Wimplicit-function-declaration]
  198 |             Init_joint_state_msg();
      |             ^~~~~~~~~~~~~~~~~~~~
../Core/Src/freertos.c: At top level:
../Core/Src/freertos.c:289:6: warning: conflicting types for 'Init_joint_state_msg'; have 'void()'
  289 | void Init_joint_state_msg() {
      |      ^~~~~~~~~~~~~~~~~~~~
../Core/Src/freertos.c:198:13: note: previous implicit declaration of 'Init_joint_state_msg' with type 'void()'
  198 |             Init_joint_state_msg();
      |             ^~~~~~~~~~~~~~~~~~~~
../Core/Src/freertos.c: In function 'cleanup':
../Core/Src/freertos.c:448:5: warning: ignoring return value of 'rcl_timer_fini' declared with attribute 'warn_unused_result' [-Wunused-result]
  448 |     rcl_timer_fini(&encoder_timer);
      |     ^~~~~~~~~~~~~~~~~~~~~~~~~~~~~~
../Core/Src/freertos.c:449:5: warning: ignoring return value of 'rcl_publisher_fini' declared with attribute 'warn_unused_result' [-Wunused-result]
  449 |     rcl_publisher_fini(&encoder_publisher, &node);
      |     ^~~~~~~~~~~~~~~~~~~~~~~~~~~~~~~~~~~~~~~~~~~~~
../Core/Src/freertos.c:450:5: warning: ignoring return value of 'rcl_timer_fini' declared with attribute 'warn_unused_result' [-Wunused-result]
  450 |     rcl_timer_fini(&timer);
      |     ^~~~~~~~~~~~~~~~~~~~~~
../Core/Src/freertos.c:451:5: warning: ignoring return value of 'rcl_subscription_fini' declared with attribute 'warn_unused_result' [-Wunused-result]
  451 |     rcl_subscription_fini(&subscriber, &node);
      |     ^~~~~~~~~~~~~~~~~~~~~~~~~~~~~~~~~~~~~~~~~
../Core/Src/freertos.c:452:5: warning: ignoring return value of 'rcl_node_fini' declared with attribute 'warn_unused_result' [-Wunused-result]
  452 |     rcl_node_fini(&node);
      |     ^~~~~~~~~~~~~~~~~~~~
arm-none-eabi-gcc -o "MicroTEST.elf" @"objects.list"  -lmicroros -mcpu=cortex-m4 -T"/home/dawid/STM32CubeIDE/workspace_1.17.0/MicroTEST/STM32F446RETX_FLASH.ld" --specs=nosys.specs -Wl,-Map="MicroTEST.map" -Wl,--gc-sections -static -L../micro_ros_stm32cubemx_utils/microros_static_library_ide/libmicroros --specs=nano.specs -mfpu=fpv4-sp-d16 -mfloat-abi=hard -mthumb -Wl,--start-group -lc -lm -Wl,--end-group
/opt/st/stm32cubeide_1.17.0/plugins/com.st.stm32cube.ide.mcu.externaltools.gnu-tools-for-stm32.12.3.rel1.linux64_1.1.0.202410170702/tools/bin/../lib/gcc/arm-none-eabi/12.3.1/../../../../arm-none-eabi/bin/ld: /opt/st/stm32cubeide_1.17.0/plugins/com.st.stm32cube.ide.mcu.externaltools.gnu-tools-for-stm32.12.3.rel1.linux64_1.1.0.202410170702/tools/bin/../lib/gcc/arm-none-eabi/12.3.1/../../../../arm-none-eabi/lib/thumb/v7e-m+fp/hard/libc_nano.a(libc_a-gettimeofdayr.o): in function `_gettimeofday_r':
(.text._gettimeofday_r+0xe): warning: _gettimeofday is not implemented and will always fail
Finished building target: MicroTEST.elf
 
arm-none-eabi-size  MicroTEST.elf 
arm-none-eabi-objdump -h -S MicroTEST.elf  > "MicroTEST.list"
   text	   data	    bss	    dec	    hex	filename
 111860	   1280	  58704	 171844	  29f44	MicroTEST.elf
Finished building: default.size.stdout
 
Finished building: MicroTEST.list
 
