14:33:47 **** Incremental Build of configuration Debug for project MicroTEST ****
make -j16 all 
docker pull microros/micro_ros_static_library_builder:humble && docker run --rm -v /home/dawid/STM32CubeIDE/workspace_1.17.0/MicroTEST:/project --env MICROROS_LIBRARY_FOLDER=micro_ros_stm32cubemx_utils/microros_static_library_ide microros/micro_ros_static_library_builder:humble
humble: Pulling from microros/micro_ros_static_library_builder
Digest: sha256:5f369540c7087c40d1cf29b17e7bcf1d9ba8e559beb46b88c6c544d0436ddcb7
Status: Image is up to date for microros/micro_ros_static_library_builder:humble
docker.io/microros/micro_ros_static_library_builder:humble
dos2unix: converting file /project/micro_ros_stm32cubemx_utils/microros_static_library_ide/library_generation/library_generation.sh to Unix format...
micro-ROS library found. Skipping...
Delete micro_ros_stm32cubemx_utils/microros_static_library_ide/libmicroros/ for rebuild.
 
arm-none-eabi-gcc "../Core/Src/freertos.c" -mcpu=cortex-m4 -std=gnu11 -g3 -DDEBUG -DUSE_HAL_DRIVER -DSTM32F446xx -c -I../Core/Inc -I../micro_ros_stm32cubemx_utils/microros_static_library_ide/libmicroros/include -I../Drivers/STM32F4xx_HAL_Driver/Inc -I../Drivers/STM32F4xx_HAL_Driver/Inc/Legacy -I../Drivers/CMSIS/Device/ST/STM32F4xx/Include -I../Drivers/CMSIS/Include -I../Middlewares/Third_Party/FreeRTOS/Source/include -I../Middlewares/Third_Party/FreeRTOS/Source/CMSIS_RTOS_V2 -I../Middlewares/Third_Party/FreeRTOS/Source/portable/GCC/ARM_CM4F -O0 -ffunction-sections -fdata-sections -Wall -fstack-usage -fcyclomatic-complexity -MMD -MP -MF"Core/Src/freertos.d" -MT"Core/Src/freertos.o" --specs=nano.specs -mfpu=fpv4-sp-d16 -mfloat-abi=hard -mthumb -o "Core/Src/freertos.o"
../Core/Src/freertos.c: In function 'StartDefaultTask':
../Core/Src/freertos.c:197:13: warning: implicit declaration of function 'SystemClock_Config'; did you mean 'SysTick_Config'? [-Wimplicit-function-declaration]
  197 |             SystemClock_Config();
      |             ^~~~~~~~~~~~~~~~~~
      |             SysTick_Config
../Core/Src/freertos.c:198:13: warning: implicit declaration of function 'Init_joint_state_msg' [-Wimplicit-function-declaration]
  198 |             Init_joint_state_msg();
      |             ^~~~~~~~~~~~~~~~~~~~
../Core/Src/freertos.c: At top level:
../Core/Src/freertos.c:289:6: warning: conflicting types for 'Init_joint_state_msg'; have 'void()'
  289 | void Init_joint_state_msg() {
      |      ^~~~~~~~~~~~~~~~~~~~
../Core/Src/freertos.c:198:13: note: previous implicit declaration of 'Init_joint_state_msg' with type 'void()'
  198 |             Init_joint_state_msg();
      |             ^~~~~~~~~~~~~~~~~~~~
../Core/Src/freertos.c: In function 'cleanup':
../Core/Src/freertos.c:448:5: warning: ignoring return value of 'rcl_timer_fini' declared with attribute 'warn_unused_result' [-Wunused-result]
  448 |     rcl_timer_fini(&encoder_timer);
      |     ^~~~~~~~~~~~~~~~~~~~~~~~~~~~~~
../Core/Src/freertos.c:449:5: warning: ignoring return value of 'rcl_publisher_fini' declared with attribute 'warn_unused_result' [-Wunused-result]
  449 |     rcl_publisher_fini(&encoder_publisher, &node);
      |     ^~~~~~~~~~~~~~~~~~~~~~~~~~~~~~~~~~~~~~~~~~~~~
../Core/Src/freertos.c:450:5: warning: ignoring return value of 'rcl_timer_fini' declared with attribute 'warn_unused_result' [-Wunused-result]
  450 |     rcl_timer_fini(&timer);
      |     ^~~~~~~~~~~~~~~~~~~~~~
../Core/Src/freertos.c:451:5: warning: ignoring return value of 'rcl_subscription_fini' declared with attribute 'warn_unused_result' [-Wunused-result]
  451 |     rcl_subscription_fini(&subscriber, &node);
      |     ^~~~~~~~~~~~~~~~~~~~~~~~~~~~~~~~~~~~~~~~~
../Core/Src/freertos.c:452:5: warning: ignoring return value of 'rcl_node_fini' declared with attribute 'warn_unused_result' [-Wunused-result]
  452 |     rcl_node_fini(&node);
      |     ^~~~~~~~~~~~~~~~~~~~
arm-none-eabi-gcc -o "MicroTEST.elf" @"objects.list"  -lmicroros -mcpu=cortex-m4 -T"/home/dawid/STM32CubeIDE/workspace_1.17.0/MicroTEST/STM32F446RETX_FLASH.ld" --specs=nosys.specs -Wl,-Map="MicroTEST.map" -Wl,--gc-sections -static -L../micro_ros_stm32cubemx_utils/microros_static_library_ide/libmicroros --specs=nano.specs -mfpu=fpv4-sp-d16 -mfloat-abi=hard -mthumb -Wl,--start-group -lc -lm -Wl,--end-group
/opt/st/stm32cubeide_1.17.0/plugins/com.st.stm32cube.ide.mcu.externaltools.gnu-tools-for-stm32.12.3.rel1.linux64_1.1.0.202410170702/tools/bin/../lib/gcc/arm-none-eabi/12.3.1/../../../../arm-none-eabi/bin/ld: /opt/st/stm32cubeide_1.17.0/plugins/com.st.stm32cube.ide.mcu.externaltools.gnu-tools-for-stm32.12.3.rel1.linux64_1.1.0.202410170702/tools/bin/../lib/gcc/arm-none-eabi/12.3.1/../../../../arm-none-eabi/lib/thumb/v7e-m+fp/hard/libc_nano.a(libc_a-gettimeofdayr.o): in function `_gettimeofday_r':
(.text._gettimeofday_r+0xe): warning: _gettimeofday is not implemented and will always fail
Finished building target: MicroTEST.elf
 
arm-none-eabi-size  MicroTEST.elf 
arm-none-eabi-objdump -h -S MicroTEST.elf  > "MicroTEST.list"
   text	   data	    bss	    dec	    hex	filename
 111860	   1280	  58704	 171844	  29f44	MicroTEST.elf
Finished building: default.size.stdout
 
Finished building: MicroTEST.list
 

14:33:50 Build Finished. 0 errors, 9 warnings. (took 3s.151ms)

